[2026-09-14 21:12:49.178] [info] Loaded model 2D_gait from file C:\GBW_MyPrograms\PredSimSHARED3\Subjects\gait1018_esmac\gait1018_esmac.osim
[2026-09-14 21:12:49.180] [warning] Couldn't find file 'r_pelvis.vtp'.
[2026-09-14 21:12:49.180] [warning] Couldn't find file 'l_pelvis.vtp'.
[2026-09-14 21:12:49.180] [warning] Couldn't find file 'sacrum.vtp'.
[2026-09-14 21:12:49.180] [warning] Couldn't find file 'femur_l.vtp'.
[2026-09-14 21:12:49.180] [warning] Couldn't find file 'femur_r.vtp'.
[2026-09-14 21:12:49.180] [warning] Couldn't find file 'tibia_l.vtp'.
[2026-09-14 21:12:49.180] [warning] Couldn't find file 'l_fibula.vtp'.
[2026-09-14 21:12:49.180] [warning] Couldn't find file 'tibia_r.vtp'.
[2026-09-14 21:12:49.180] [warning] Couldn't find file 'r_fibula.vtp'.
[2026-09-14 21:12:49.181] [warning] Couldn't find file 'l_talus.vtp'.
[2026-09-14 21:12:49.181] [warning] Couldn't find file 'r_talus.vtp'.
[2026-09-14 21:12:49.181] [warning] Couldn't find file 'l_foot.vtp'.
[2026-09-14 21:12:49.181] [warning] Couldn't find file 'r_foot.vtp'.
[2026-09-14 21:12:49.181] [warning] Couldn't find file 'l_bofoot.vtp'.
[2026-09-14 21:12:49.181] [warning] Couldn't find file 'r_bofoot.vtp'.
[2026-09-14 21:12:49.181] [warning] Couldn't find file 'hat_spine.vtp'.
[2026-09-14 21:12:49.181] [warning] Couldn't find file 'hat_jaw.vtp'.
[2026-09-14 21:12:49.181] [warning] Couldn't find file 'hat_skull.vtp'.
[2026-09-14 21:12:49.181] [warning] Couldn't find file 'hat_ribs_scap.vtp'.
[2026-09-14 21:12:49.555] [info] Loaded model 2D_gait from file C:\GBW_MyPrograms\PredSimSHARED3\Subjects\gait1018_esmac\gait1018_esmac.osim
[2026-09-14 21:12:49.556] [warning] Couldn't find file 'r_pelvis.vtp'.
[2026-09-14 21:12:49.556] [warning] Couldn't find file 'l_pelvis.vtp'.
[2026-09-14 21:12:49.556] [warning] Couldn't find file 'sacrum.vtp'.
[2026-09-14 21:12:49.556] [warning] Couldn't find file 'femur_l.vtp'.
[2026-09-14 21:12:49.556] [warning] Couldn't find file 'femur_r.vtp'.
[2026-09-14 21:12:49.556] [warning] Couldn't find file 'tibia_l.vtp'.
[2026-09-14 21:12:49.556] [warning] Couldn't find file 'l_fibula.vtp'.
[2026-09-14 21:12:49.556] [warning] Couldn't find file 'tibia_r.vtp'.
[2026-09-14 21:12:49.556] [warning] Couldn't find file 'r_fibula.vtp'.
[2026-09-14 21:12:49.556] [warning] Couldn't find file 'l_talus.vtp'.
[2026-09-14 21:12:49.556] [warning] Couldn't find file 'r_talus.vtp'.
[2026-09-14 21:12:49.556] [warning] Couldn't find file 'l_foot.vtp'.
[2026-09-14 21:12:49.556] [warning] Couldn't find file 'r_foot.vtp'.
[2026-09-14 21:12:49.556] [warning] Couldn't find file 'l_bofoot.vtp'.
[2026-09-14 21:12:49.557] [warning] Couldn't find file 'r_bofoot.vtp'.
[2026-09-14 21:12:49.557] [warning] Couldn't find file 'hat_spine.vtp'.
[2026-09-14 21:12:49.557] [warning] Couldn't find file 'hat_jaw.vtp'.
[2026-09-14 21:12:49.557] [warning] Couldn't find file 'hat_skull.vtp'.
[2026-09-14 21:12:49.557] [warning] Couldn't find file 'hat_ribs_scap.vtp'.
[2026-09-14 21:13:18.295] [info] Loaded model 2D_gait from file C:\GBW_MyPrograms\PredSimSHARED3\Subjects\gait1018_esmac\gait1018_esmac.osim
[2026-09-14 21:13:18.296] [warning] Couldn't find file 'r_pelvis.vtp'.
[2026-09-14 21:13:18.296] [warning] Couldn't find file 'l_pelvis.vtp'.
[2026-09-14 21:13:18.296] [warning] Couldn't find file 'sacrum.vtp'.
[2026-09-14 21:13:18.296] [warning] Couldn't find file 'femur_l.vtp'.
[2026-09-14 21:13:18.296] [warning] Couldn't find file 'femur_r.vtp'.
[2026-09-14 21:13:18.296] [warning] Couldn't find file 'tibia_l.vtp'.
[2026-09-14 21:13:18.296] [warning] Couldn't find file 'l_fibula.vtp'.
[2026-09-14 21:13:18.296] [warning] Couldn't find file 'tibia_r.vtp'.
[2026-09-14 21:13:18.296] [warning] Couldn't find file 'r_fibula.vtp'.
[2026-09-14 21:13:18.297] [warning] Couldn't find file 'l_talus.vtp'.
[2026-09-14 21:13:18.297] [warning] Couldn't find file 'r_talus.vtp'.
[2026-09-14 21:13:18.297] [warning] Couldn't find file 'l_foot.vtp'.
[2026-09-14 21:13:18.297] [warning] Couldn't find file 'r_foot.vtp'.
[2026-09-14 21:13:18.297] [warning] Couldn't find file 'l_bofoot.vtp'.
[2026-09-14 21:13:18.297] [warning] Couldn't find file 'r_bofoot.vtp'.
[2026-09-14 21:13:18.297] [warning] Couldn't find file 'hat_spine.vtp'.
[2026-09-14 21:13:18.297] [warning] Couldn't find file 'hat_jaw.vtp'.
[2026-09-14 21:13:18.297] [warning] Couldn't find file 'hat_skull.vtp'.
[2026-09-14 21:13:18.297] [warning] Couldn't find file 'hat_ribs_scap.vtp'.
[2026-09-14 21:13:18.362] [info] Loaded model 2D_gait from file C:\GBW_MyPrograms\PredSimSHARED3\Subjects\gait1018_esmac\gait1018_esmac.osim
[2026-09-14 21:13:18.363] [warning] Couldn't find file 'r_pelvis.vtp'.
[2026-09-14 21:13:18.363] [warning] Couldn't find file 'l_pelvis.vtp'.
[2026-09-14 21:13:18.364] [warning] Couldn't find file 'sacrum.vtp'.
[2026-09-14 21:13:18.364] [warning] Couldn't find file 'femur_l.vtp'.
[2026-09-14 21:13:18.364] [warning] Couldn't find file 'femur_r.vtp'.
[2026-09-14 21:13:18.364] [warning] Couldn't find file 'tibia_l.vtp'.
[2026-09-14 21:13:18.365] [warning] Couldn't find file 'l_fibula.vtp'.
[2026-09-14 21:13:18.365] [warning] Couldn't find file 'tibia_r.vtp'.
[2026-09-14 21:13:18.365] [warning] Couldn't find file 'r_fibula.vtp'.
[2026-09-14 21:13:18.365] [warning] Couldn't find file 'l_talus.vtp'.
[2026-09-14 21:13:18.366] [warning] Couldn't find file 'r_talus.vtp'.
[2026-09-14 21:13:18.366] [warning] Couldn't find file 'l_foot.vtp'.
[2026-09-14 21:13:18.366] [warning] Couldn't find file 'r_foot.vtp'.
[2026-09-14 21:13:18.366] [warning] Couldn't find file 'l_bofoot.vtp'.
[2026-09-14 21:13:18.366] [warning] Couldn't find file 'r_bofoot.vtp'.
[2026-09-14 21:13:18.367] [warning] Couldn't find file 'hat_spine.vtp'.
[2026-09-14 21:13:18.367] [warning] Couldn't find file 'hat_jaw.vtp'.
[2026-09-14 21:13:18.367] [warning] Couldn't find file 'hat_skull.vtp'.
[2026-09-14 21:13:18.367] [warning] Couldn't find file 'hat_ribs_scap.vtp'.
[2026-09-14 21:13:18.416] [info] Loaded model 2D_gait from file C:\GBW_MyPrograms\PredSimSHARED3\Subjects\gait1018_esmac\gait1018_esmac.osim
[2026-09-14 21:13:18.417] [warning] Couldn't find file 'r_pelvis.vtp'.
[2026-09-14 21:13:18.417] [warning] Couldn't find file 'l_pelvis.vtp'.
[2026-09-14 21:13:18.417] [warning] Couldn't find file 'sacrum.vtp'.
[2026-09-14 21:13:18.418] [warning] Couldn't find file 'femur_l.vtp'.
[2026-09-14 21:13:18.418] [warning] Couldn't find file 'femur_r.vtp'.
[2026-09-14 21:13:18.418] [warning] Couldn't find file 'tibia_l.vtp'.
[2026-09-14 21:13:18.418] [warning] Couldn't find file 'l_fibula.vtp'.
[2026-09-14 21:13:18.418] [warning] Couldn't find file 'tibia_r.vtp'.
[2026-09-14 21:13:18.418] [warning] Couldn't find file 'r_fibula.vtp'.
[2026-09-14 21:13:18.419] [warning] Couldn't find file 'l_talus.vtp'.
[2026-09-14 21:13:18.419] [warning] Couldn't find file 'r_talus.vtp'.
[2026-09-14 21:13:18.419] [warning] Couldn't find file 'l_foot.vtp'.
[2026-09-14 21:13:18.419] [warning] Couldn't find file 'r_foot.vtp'.
[2026-09-14 21:13:18.419] [warning] Couldn't find file 'l_bofoot.vtp'.
[2026-09-14 21:13:18.419] [warning] Couldn't find file 'r_bofoot.vtp'.
[2026-09-14 21:13:18.420] [warning] Couldn't find file 'hat_spine.vtp'.
[2026-09-14 21:13:18.420] [warning] Couldn't find file 'hat_jaw.vtp'.
[2026-09-14 21:13:18.420] [warning] Couldn't find file 'hat_skull.vtp'.
[2026-09-14 21:13:18.420] [warning] Couldn't find file 'hat_ribs_scap.vtp'.
[2026-09-14 21:13:18.497] [info] Loaded model 2D_gait from file C:\GBW_MyPrograms\PredSimSHARED3\Subjects\gait1018_esmac\gait1018_esmac.osim
[2026-09-14 21:13:18.497] [warning] Couldn't find file 'r_pelvis.vtp'.
[2026-09-14 21:13:18.497] [warning] Couldn't find file 'l_pelvis.vtp'.
[2026-09-14 21:13:18.498] [warning] Couldn't find file 'sacrum.vtp'.
[2026-09-14 21:13:18.498] [warning] Couldn't find file 'femur_l.vtp'.
[2026-09-14 21:13:18.498] [warning] Couldn't find file 'femur_r.vtp'.
[2026-09-14 21:13:18.498] [warning] Couldn't find file 'tibia_l.vtp'.
[2026-09-14 21:13:18.498] [warning] Couldn't find file 'l_fibula.vtp'.
[2026-09-14 21:13:18.498] [warning] Couldn't find file 'tibia_r.vtp'.
[2026-09-14 21:13:18.498] [warning] Couldn't find file 'r_fibula.vtp'.
[2026-09-14 21:13:18.498] [warning] Couldn't find file 'l_talus.vtp'.
[2026-09-14 21:13:18.498] [warning] Couldn't find file 'r_talus.vtp'.
[2026-09-14 21:13:18.498] [warning] Couldn't find file 'l_foot.vtp'.
[2026-09-14 21:13:18.498] [warning] Couldn't find file 'r_foot.vtp'.
[2026-09-14 21:13:18.498] [warning] Couldn't find file 'l_bofoot.vtp'.
[2026-09-14 21:13:18.499] [warning] Couldn't find file 'r_bofoot.vtp'.
[2026-09-14 21:13:18.499] [warning] Couldn't find file 'hat_spine.vtp'.
[2026-09-14 21:13:18.499] [warning] Couldn't find file 'hat_jaw.vtp'.
[2026-09-14 21:13:18.499] [warning] Couldn't find file 'hat_skull.vtp'.
[2026-09-14 21:13:18.499] [warning] Couldn't find file 'hat_ribs_scap.vtp'.
[2026-09-14 21:13:19.638] [info] Loaded model 2D_gait from file C:\GBW_MyPrograms\PredSimSHARED3\Subjects\gait1018_esmac\gait1018_esmac.osim
[2026-09-14 21:13:19.638] [warning] Couldn't find file 'r_pelvis.vtp'.
[2026-09-14 21:13:19.638] [warning] Couldn't find file 'l_pelvis.vtp'.
[2026-09-14 21:13:19.638] [warning] Couldn't find file 'sacrum.vtp'.
[2026-09-14 21:13:19.638] [warning] Couldn't find file 'femur_l.vtp'.
[2026-09-14 21:13:19.638] [warning] Couldn't find file 'femur_r.vtp'.
[2026-09-14 21:13:19.638] [warning] Couldn't find file 'tibia_l.vtp'.
[2026-09-14 21:13:19.638] [warning] Couldn't find file 'l_fibula.vtp'.
[2026-09-14 21:13:19.638] [warning] Couldn't find file 'tibia_r.vtp'.
[2026-09-14 21:13:19.638] [warning] Couldn't find file 'r_fibula.vtp'.
[2026-09-14 21:13:19.639] [warning] Couldn't find file 'l_talus.vtp'.
[2026-09-14 21:13:19.639] [warning] Couldn't find file 'r_talus.vtp'.
[2026-09-14 21:13:19.639] [warning] Couldn't find file 'l_foot.vtp'.
[2026-09-14 21:13:19.639] [warning] Couldn't find file 'r_foot.vtp'.
[2026-09-14 21:13:19.639] [warning] Couldn't find file 'l_bofoot.vtp'.
[2026-09-14 21:13:19.639] [warning] Couldn't find file 'r_bofoot.vtp'.
[2026-09-14 21:13:19.639] [warning] Couldn't find file 'hat_spine.vtp'.
[2026-09-14 21:13:19.639] [warning] Couldn't find file 'hat_jaw.vtp'.
[2026-09-14 21:13:19.639] [warning] Couldn't find file 'hat_skull.vtp'.
[2026-09-14 21:13:19.639] [warning] Couldn't find file 'hat_ribs_scap.vtp'.
[2026-09-14 21:13:24.003] [info] Loaded model 2D_gait from file C:\GBW_MyPrograms\PredSimSHARED3\Subjects\gait1018_esmac\gait1018_esmac.osim
[2026-09-14 21:13:24.004] [warning] Couldn't find file 'r_pelvis.vtp'.
[2026-09-14 21:13:24.004] [warning] Couldn't find file 'l_pelvis.vtp'.
[2026-09-14 21:13:24.004] [warning] Couldn't find file 'sacrum.vtp'.
[2026-09-14 21:13:24.004] [warning] Couldn't find file 'femur_l.vtp'.
[2026-09-14 21:13:24.004] [warning] Couldn't find file 'femur_r.vtp'.
[2026-09-14 21:13:24.004] [warning] Couldn't find file 'tibia_l.vtp'.
[2026-09-14 21:13:24.004] [warning] Couldn't find file 'l_fibula.vtp'.
[2026-09-14 21:13:24.004] [warning] Couldn't find file 'tibia_r.vtp'.
[2026-09-14 21:13:24.004] [warning] Couldn't find file 'r_fibula.vtp'.
[2026-09-14 21:13:24.004] [warning] Couldn't find file 'l_talus.vtp'.
[2026-09-14 21:13:24.004] [warning] Couldn't find file 'r_talus.vtp'.
[2026-09-14 21:13:24.004] [warning] Couldn't find file 'l_foot.vtp'.
[2026-09-14 21:13:24.004] [warning] Couldn't find file 'r_foot.vtp'.
[2026-09-14 21:13:24.005] [warning] Couldn't find file 'l_bofoot.vtp'.
[2026-09-14 21:13:24.005] [warning] Couldn't find file 'r_bofoot.vtp'.
[2026-09-14 21:13:24.005] [warning] Couldn't find file 'hat_spine.vtp'.
[2026-09-14 21:13:24.005] [warning] Couldn't find file 'hat_jaw.vtp'.
[2026-09-14 21:13:24.005] [warning] Couldn't find file 'hat_skull.vtp'.
[2026-09-14 21:13:24.005] [warning] Couldn't find file 'hat_ribs_scap.vtp'.
[2026-09-14 21:13:24.244] [info] Loaded model 2D_gait from file C:\GBW_MyPrograms\PredSimSHARED3\Subjects\gait1018_esmac\gait1018_esmac.osim
[2026-09-14 21:13:24.244] [warning] Couldn't find file 'r_pelvis.vtp'.
[2026-09-14 21:13:24.244] [warning] Couldn't find file 'l_pelvis.vtp'.
[2026-09-14 21:13:24.244] [warning] Couldn't find file 'sacrum.vtp'.
[2026-09-14 21:13:24.244] [warning] Couldn't find file 'femur_l.vtp'.
[2026-09-14 21:13:24.245] [warning] Couldn't find file 'femur_r.vtp'.
[2026-09-14 21:13:24.245] [warning] Couldn't find file 'tibia_l.vtp'.
[2026-09-14 21:13:24.245] [warning] Couldn't find file 'l_fibula.vtp'.
[2026-09-14 21:13:24.245] [warning] Couldn't find file 'tibia_r.vtp'.
[2026-09-14 21:13:24.245] [warning] Couldn't find file 'r_fibula.vtp'.
[2026-09-14 21:13:24.245] [warning] Couldn't find file 'l_talus.vtp'.
[2026-09-14 21:13:24.245] [warning] Couldn't find file 'r_talus.vtp'.
[2026-09-14 21:13:24.245] [warning] Couldn't find file 'l_foot.vtp'.
[2026-09-14 21:13:24.245] [warning] Couldn't find file 'r_foot.vtp'.
[2026-09-14 21:13:24.245] [warning] Couldn't find file 'l_bofoot.vtp'.
[2026-09-14 21:13:24.245] [warning] Couldn't find file 'r_bofoot.vtp'.
[2026-09-14 21:13:24.245] [warning] Couldn't find file 'hat_spine.vtp'.
[2026-09-14 21:13:24.245] [warning] Couldn't find file 'hat_jaw.vtp'.
[2026-09-14 21:13:24.245] [warning] Couldn't find file 'hat_skull.vtp'.
[2026-09-14 21:13:24.245] [warning] Couldn't find file 'hat_ribs_scap.vtp'.
[2026-09-14 21:13:24.544] [info] Loaded model 2D_gait from file C:\GBW_MyPrograms\PredSimSHARED3\Subjects\gait1018_esmac\gait1018_esmac.osim
[2026-09-14 21:13:24.545] [warning] Couldn't find file 'r_pelvis.vtp'.
[2026-09-14 21:13:24.545] [warning] Couldn't find file 'l_pelvis.vtp'.
[2026-09-14 21:13:24.545] [warning] Couldn't find file 'sacrum.vtp'.
[2026-09-14 21:13:24.545] [warning] Couldn't find file 'femur_l.vtp'.
[2026-09-14 21:13:24.545] [warning] Couldn't find file 'femur_r.vtp'.
[2026-09-14 21:13:24.545] [warning] Couldn't find file 'tibia_l.vtp'.
[2026-09-14 21:13:24.545] [warning] Couldn't find file 'l_fibula.vtp'.
[2026-09-14 21:13:24.546] [warning] Couldn't find file 'tibia_r.vtp'.
[2026-09-14 21:13:24.546] [warning] Couldn't find file 'r_fibula.vtp'.
[2026-09-14 21:13:24.546] [warning] Couldn't find file 'l_talus.vtp'.
[2026-09-14 21:13:24.546] [warning] Couldn't find file 'r_talus.vtp'.
[2026-09-14 21:13:24.546] [warning] Couldn't find file 'l_foot.vtp'.
[2026-09-14 21:13:24.546] [warning] Couldn't find file 'r_foot.vtp'.
[2026-09-14 21:13:24.546] [warning] Couldn't find file 'l_bofoot.vtp'.
[2026-09-14 21:13:24.546] [warning] Couldn't find file 'r_bofoot.vtp'.
[2026-09-14 21:13:24.546] [warning] Couldn't find file 'hat_spine.vtp'.
[2026-09-14 21:13:24.546] [warning] Couldn't find file 'hat_jaw.vtp'.
[2026-09-14 21:13:24.546] [warning] Couldn't find file 'hat_skull.vtp'.
[2026-09-14 21:13:24.547] [warning] Couldn't find file 'hat_ribs_scap.vtp'.
[2026-09-14 21:13:24.978] [info] Loaded model 2D_gait from file C:\GBW_MyPrograms\PredSimSHARED3\Subjects\gait1018_esmac\gait1018_esmac.osim
[2026-09-14 21:13:24.978] [warning] Couldn't find file 'r_pelvis.vtp'.
[2026-09-14 21:13:24.978] [warning] Couldn't find file 'l_pelvis.vtp'.
[2026-09-14 21:13:24.979] [warning] Couldn't find file 'sacrum.vtp'.
[2026-09-14 21:13:24.979] [warning] Couldn't find file 'femur_l.vtp'.
[2026-09-14 21:13:24.979] [warning] Couldn't find file 'femur_r.vtp'.
[2026-09-14 21:13:24.979] [warning] Couldn't find file 'tibia_l.vtp'.
[2026-09-14 21:13:24.979] [warning] Couldn't find file 'l_fibula.vtp'.
[2026-09-14 21:13:24.979] [warning] Couldn't find file 'tibia_r.vtp'.
[2026-09-14 21:13:24.979] [warning] Couldn't find file 'r_fibula.vtp'.
[2026-09-14 21:13:24.979] [warning] Couldn't find file 'l_talus.vtp'.
[2026-09-14 21:13:24.979] [warning] Couldn't find file 'r_talus.vtp'.
[2026-09-14 21:13:24.979] [warning] Couldn't find file 'l_foot.vtp'.
[2026-09-14 21:13:24.979] [warning] Couldn't find file 'r_foot.vtp'.
[2026-09-14 21:13:24.979] [warning] Couldn't find file 'l_bofoot.vtp'.
[2026-09-14 21:13:24.979] [warning] Couldn't find file 'r_bofoot.vtp'.
[2026-09-14 21:13:24.979] [warning] Couldn't find file 'hat_spine.vtp'.
[2026-09-14 21:13:24.979] [warning] Couldn't find file 'hat_jaw.vtp'.
[2026-09-14 21:13:24.980] [warning] Couldn't find file 'hat_skull.vtp'.
[2026-09-14 21:13:24.980] [warning] Couldn't find file 'hat_ribs_scap.vtp'.
[2026-09-14 21:13:25.106] [info] Loaded model 2D_gait from file C:\GBW_MyPrograms\PredSimSHARED3\Subjects\gait1018_esmac\gait1018_esmac.osim
[2026-09-14 21:13:25.106] [warning] Couldn't find file 'r_pelvis.vtp'.
[2026-09-14 21:13:25.106] [warning] Couldn't find file 'l_pelvis.vtp'.
[2026-09-14 21:13:25.106] [warning] Couldn't find file 'sacrum.vtp'.
[2026-09-14 21:13:25.107] [warning] Couldn't find file 'femur_l.vtp'.
[2026-09-14 21:13:25.107] [warning] Couldn't find file 'femur_r.vtp'.
[2026-09-14 21:13:25.107] [warning] Couldn't find file 'tibia_l.vtp'.
[2026-09-14 21:13:25.107] [warning] Couldn't find file 'l_fibula.vtp'.
[2026-09-14 21:13:25.107] [warning] Couldn't find file 'tibia_r.vtp'.
[2026-09-14 21:13:25.107] [warning] Couldn't find file 'r_fibula.vtp'.
[2026-09-14 21:13:25.107] [warning] Couldn't find file 'l_talus.vtp'.
[2026-09-14 21:13:25.107] [warning] Couldn't find file 'r_talus.vtp'.
[2026-09-14 21:13:25.107] [warning] Couldn't find file 'l_foot.vtp'.
[2026-09-14 21:13:25.107] [warning] Couldn't find file 'r_foot.vtp'.
[2026-09-14 21:13:25.107] [warning] Couldn't find file 'l_bofoot.vtp'.
[2026-09-14 21:13:25.107] [warning] Couldn't find file 'r_bofoot.vtp'.
[2026-09-14 21:13:25.107] [warning] Couldn't find file 'hat_spine.vtp'.
[2026-09-14 21:13:25.107] [warning] Couldn't find file 'hat_jaw.vtp'.
[2026-09-14 21:13:25.107] [warning] Couldn't find file 'hat_skull.vtp'.
[2026-09-14 21:13:25.107] [warning] Couldn't find file 'hat_ribs_scap.vtp'.
[2026-09-14 21:14:50.505] [info] Loaded model 2D_gait from file C:\GBW_MyPrograms\PredSimSHARED3\Subjects\gait1018_esmac\gait1018_esmac.osim
[2026-09-14 21:14:50.506] [warning] Couldn't find file 'r_pelvis.vtp'.
[2026-09-14 21:14:50.506] [warning] Couldn't find file 'l_pelvis.vtp'.
[2026-09-14 21:14:50.506] [warning] Couldn't find file 'sacrum.vtp'.
[2026-09-14 21:14:50.506] [warning] Couldn't find file 'femur_l.vtp'.
[2026-09-14 21:14:50.506] [warning] Couldn't find file 'femur_r.vtp'.
[2026-09-14 21:14:50.506] [warning] Couldn't find file 'tibia_l.vtp'.
[2026-09-14 21:14:50.506] [warning] Couldn't find file 'l_fibula.vtp'.
[2026-09-14 21:14:50.506] [warning] Couldn't find file 'tibia_r.vtp'.
[2026-09-14 21:14:50.506] [warning] Couldn't find file 'r_fibula.vtp'.
[2026-09-14 21:14:50.506] [warning] Couldn't find file 'l_talus.vtp'.
[2026-09-14 21:14:50.506] [warning] Couldn't find file 'r_talus.vtp'.
[2026-09-14 21:14:50.506] [warning] Couldn't find file 'l_foot.vtp'.
[2026-09-14 21:14:50.506] [warning] Couldn't find file 'r_foot.vtp'.
[2026-09-14 21:14:50.507] [warning] Couldn't find file 'l_bofoot.vtp'.
[2026-09-14 21:14:50.507] [warning] Couldn't find file 'r_bofoot.vtp'.
[2026-09-14 21:14:50.507] [warning] Couldn't find file 'hat_spine.vtp'.
[2026-09-14 21:14:50.507] [warning] Couldn't find file 'hat_jaw.vtp'.
[2026-09-14 21:14:50.507] [warning] Couldn't find file 'hat_skull.vtp'.
[2026-09-14 21:14:50.507] [warning] Couldn't find file 'hat_ribs_scap.vtp'.
[2026-09-14 21:14:50.521] [info] Loaded model 2D_gait from file C:\GBW_MyPrograms\PredSimSHARED3\Subjects\gait1018_esmac\gait1018_esmac.osim
[2026-09-14 21:14:50.521] [warning] Couldn't find file 'r_pelvis.vtp'.
[2026-09-14 21:14:50.521] [warning] Couldn't find file 'l_pelvis.vtp'.
[2026-09-14 21:14:50.521] [warning] Couldn't find file 'sacrum.vtp'.
[2026-09-14 21:14:50.521] [warning] Couldn't find file 'femur_l.vtp'.
[2026-09-14 21:14:50.521] [warning] Couldn't find file 'femur_r.vtp'.
[2026-09-14 21:14:50.522] [warning] Couldn't find file 'tibia_l.vtp'.
[2026-09-14 21:14:50.522] [warning] Couldn't find file 'l_fibula.vtp'.
[2026-09-14 21:14:50.522] [warning] Couldn't find file 'tibia_r.vtp'.
[2026-09-14 21:14:50.522] [warning] Couldn't find file 'r_fibula.vtp'.
[2026-09-14 21:14:50.522] [warning] Couldn't find file 'l_talus.vtp'.
[2026-09-14 21:14:50.522] [warning] Couldn't find file 'r_talus.vtp'.
[2026-09-14 21:14:50.522] [warning] Couldn't find file 'l_foot.vtp'.
[2026-09-14 21:14:50.522] [warning] Couldn't find file 'r_foot.vtp'.
[2026-09-14 21:14:50.522] [warning] Couldn't find file 'l_bofoot.vtp'.
[2026-09-14 21:14:50.522] [warning] Couldn't find file 'r_bofoot.vtp'.
[2026-09-14 21:14:50.522] [warning] Couldn't find file 'hat_spine.vtp'.
[2026-09-14 21:14:50.522] [warning] Couldn't find file 'hat_jaw.vtp'.
[2026-09-14 21:14:50.522] [warning] Couldn't find file 'hat_skull.vtp'.
[2026-09-14 21:14:50.522] [warning] Couldn't find file 'hat_ribs_scap.vtp'.
[2026-09-14 21:14:50.536] [info] Loaded model 2D_gait from file C:\GBW_MyPrograms\PredSimSHARED3\Subjects\gait1018_esmac\gait1018_esmac.osim
[2026-09-14 21:14:50.536] [warning] Couldn't find file 'r_pelvis.vtp'.
[2026-09-14 21:14:50.536] [warning] Couldn't find file 'l_pelvis.vtp'.
[2026-09-14 21:14:50.536] [warning] Couldn't find file 'sacrum.vtp'.
[2026-09-14 21:14:50.536] [warning] Couldn't find file 'femur_l.vtp'.
[2026-09-14 21:14:50.536] [warning] Couldn't find file 'femur_r.vtp'.
[2026-09-14 21:14:50.536] [warning] Couldn't find file 'tibia_l.vtp'.
[2026-09-14 21:14:50.536] [warning] Couldn't find file 'l_fibula.vtp'.
[2026-09-14 21:14:50.536] [warning] Couldn't find file 'tibia_r.vtp'.
[2026-09-14 21:14:50.536] [warning] Couldn't find file 'r_fibula.vtp'.
[2026-09-14 21:14:50.537] [warning] Couldn't find file 'l_talus.vtp'.
[2026-09-14 21:14:50.537] [warning] Couldn't find file 'r_talus.vtp'.
[2026-09-14 21:14:50.537] [warning] Couldn't find file 'l_foot.vtp'.
[2026-09-14 21:14:50.537] [warning] Couldn't find file 'r_foot.vtp'.
[2026-09-14 21:14:50.537] [warning] Couldn't find file 'l_bofoot.vtp'.
[2026-09-14 21:14:50.537] [warning] Couldn't find file 'r_bofoot.vtp'.
[2026-09-14 21:14:50.537] [warning] Couldn't find file 'hat_spine.vtp'.
[2026-09-14 21:14:50.537] [warning] Couldn't find file 'hat_jaw.vtp'.
[2026-09-14 21:14:50.537] [warning] Couldn't find file 'hat_skull.vtp'.
[2026-09-14 21:14:50.537] [warning] Couldn't find file 'hat_ribs_scap.vtp'.
[2026-09-14 21:14:50.553] [info] Loaded model 2D_gait from file C:\GBW_MyPrograms\PredSimSHARED3\Subjects\gait1018_esmac\gait1018_esmac.osim
[2026-09-14 21:14:50.553] [warning] Couldn't find file 'r_pelvis.vtp'.
[2026-09-14 21:14:50.554] [warning] Couldn't find file 'l_pelvis.vtp'.
[2026-09-14 21:14:50.554] [warning] Couldn't find file 'sacrum.vtp'.
[2026-09-14 21:14:50.554] [warning] Couldn't find file 'femur_l.vtp'.
[2026-09-14 21:14:50.554] [warning] Couldn't find file 'femur_r.vtp'.
[2026-09-14 21:14:50.554] [warning] Couldn't find file 'tibia_l.vtp'.
[2026-09-14 21:14:50.554] [warning] Couldn't find file 'l_fibula.vtp'.
[2026-09-14 21:14:50.554] [warning] Couldn't find file 'tibia_r.vtp'.
[2026-09-14 21:14:50.554] [warning] Couldn't find file 'r_fibula.vtp'.
[2026-09-14 21:14:50.554] [warning] Couldn't find file 'l_talus.vtp'.
[2026-09-14 21:14:50.554] [warning] Couldn't find file 'r_talus.vtp'.
[2026-09-14 21:14:50.554] [warning] Couldn't find file 'l_foot.vtp'.
[2026-09-14 21:14:50.554] [warning] Couldn't find file 'r_foot.vtp'.
[2026-09-14 21:14:50.554] [warning] Couldn't find file 'l_bofoot.vtp'.
[2026-09-14 21:14:50.554] [warning] Couldn't find file 'r_bofoot.vtp'.
[2026-09-14 21:14:50.554] [warning] Couldn't find file 'hat_spine.vtp'.
[2026-09-14 21:14:50.554] [warning] Couldn't find file 'hat_jaw.vtp'.
[2026-09-14 21:14:50.555] [warning] Couldn't find file 'hat_skull.vtp'.
[2026-09-14 21:14:50.555] [warning] Couldn't find file 'hat_ribs_scap.vtp'.
[2026-09-14 21:14:50.659] [info] Loaded model 2D_gait from file C:\GBW_MyPrograms\PredSimSHARED3\Subjects\gait1018_esmac\gait1018_esmac.osim
[2026-09-14 21:14:50.659] [warning] Couldn't find file 'r_pelvis.vtp'.
[2026-09-14 21:14:50.659] [warning] Couldn't find file 'l_pelvis.vtp'.
[2026-09-14 21:14:50.659] [warning] Couldn't find file 'sacrum.vtp'.
[2026-09-14 21:14:50.659] [warning] Couldn't find file 'femur_l.vtp'.
[2026-09-14 21:14:50.659] [warning] Couldn't find file 'femur_r.vtp'.
[2026-09-14 21:14:50.659] [warning] Couldn't find file 'tibia_l.vtp'.
[2026-09-14 21:14:50.659] [warning] Couldn't find file 'l_fibula.vtp'.
[2026-09-14 21:14:50.660] [warning] Couldn't find file 'tibia_r.vtp'.
[2026-09-14 21:14:50.660] [warning] Couldn't find file 'r_fibula.vtp'.
[2026-09-14 21:14:50.660] [warning] Couldn't find file 'l_talus.vtp'.
[2026-09-14 21:14:50.660] [warning] Couldn't find file 'r_talus.vtp'.
[2026-09-14 21:14:50.660] [warning] Couldn't find file 'l_foot.vtp'.
[2026-09-14 21:14:50.660] [warning] Couldn't find file 'r_foot.vtp'.
[2026-09-14 21:14:50.660] [warning] Couldn't find file 'l_bofoot.vtp'.
[2026-09-14 21:14:50.660] [warning] Couldn't find file 'r_bofoot.vtp'.
[2026-09-14 21:14:50.660] [warning] Couldn't find file 'hat_spine.vtp'.
[2026-09-14 21:14:50.660] [warning] Couldn't find file 'hat_jaw.vtp'.
[2026-09-14 21:14:50.660] [warning] Couldn't find file 'hat_skull.vtp'.
[2026-09-14 21:14:50.660] [warning] Couldn't find file 'hat_ribs_scap.vtp'.
[2026-09-14 21:14:50.807] [info] Loaded model 2D_gait from file C:\GBW_MyPrograms\PredSimSHARED3\Subjects\gait1018_esmac\gait1018_esmac.osim
[2026-09-14 21:14:50.808] [warning] Couldn't find file 'r_pelvis.vtp'.
[2026-09-14 21:14:50.808] [warning] Couldn't find file 'l_pelvis.vtp'.
[2026-09-14 21:14:50.808] [warning] Couldn't find file 'sacrum.vtp'.
[2026-09-14 21:14:50.808] [warning] Couldn't find file 'femur_l.vtp'.
[2026-09-14 21:14:50.808] [warning] Couldn't find file 'femur_r.vtp'.
[2026-09-14 21:14:50.808] [warning] Couldn't find file 'tibia_l.vtp'.
[2026-09-14 21:14:50.808] [warning] Couldn't find file 'l_fibula.vtp'.
[2026-09-14 21:14:50.808] [warning] Couldn't find file 'tibia_r.vtp'.
[2026-09-14 21:14:50.808] [warning] Couldn't find file 'r_fibula.vtp'.
[2026-09-14 21:14:50.808] [warning] Couldn't find file 'l_talus.vtp'.
[2026-09-14 21:14:50.808] [warning] Couldn't find file 'r_talus.vtp'.
[2026-09-14 21:14:50.808] [warning] Couldn't find file 'l_foot.vtp'.
[2026-09-14 21:14:50.808] [warning] Couldn't find file 'r_foot.vtp'.
[2026-09-14 21:14:50.808] [warning] Couldn't find file 'l_bofoot.vtp'.
[2026-09-14 21:14:50.808] [warning] Couldn't find file 'r_bofoot.vtp'.
[2026-09-14 21:14:50.809] [warning] Couldn't find file 'hat_spine.vtp'.
[2026-09-14 21:14:50.809] [warning] Couldn't find file 'hat_jaw.vtp'.
[2026-09-14 21:14:50.809] [warning] Couldn't find file 'hat_skull.vtp'.
[2026-09-14 21:14:50.809] [warning] Couldn't find file 'hat_ribs_scap.vtp'.
[2026-09-14 21:14:50.995] [info] Loaded model 2D_gait from file C:\GBW_MyPrograms\PredSimSHARED3\Subjects\gait1018_esmac\gait1018_esmac.osim
[2026-09-14 21:14:50.996] [warning] Couldn't find file 'r_pelvis.vtp'.
[2026-09-14 21:14:50.996] [warning] Couldn't find file 'l_pelvis.vtp'.
[2026-09-14 21:14:50.996] [warning] Couldn't find file 'sacrum.vtp'.
[2026-09-14 21:14:50.996] [warning] Couldn't find file 'femur_l.vtp'.
[2026-09-14 21:14:50.996] [warning] Couldn't find file 'femur_r.vtp'.
[2026-09-14 21:14:50.996] [warning] Couldn't find file 'tibia_l.vtp'.
[2026-09-14 21:14:50.996] [warning] Couldn't find file 'l_fibula.vtp'.
[2026-09-14 21:14:50.996] [warning] Couldn't find file 'tibia_r.vtp'.
[2026-09-14 21:14:50.996] [warning] Couldn't find file 'r_fibula.vtp'.
[2026-09-14 21:14:50.996] [warning] Couldn't find file 'l_talus.vtp'.
[2026-09-14 21:14:50.996] [warning] Couldn't find file 'r_talus.vtp'.
[2026-09-14 21:14:50.996] [warning] Couldn't find file 'l_foot.vtp'.
[2026-09-14 21:14:50.996] [warning] Couldn't find file 'r_foot.vtp'.
[2026-09-14 21:14:50.996] [warning] Couldn't find file 'l_bofoot.vtp'.
[2026-09-14 21:14:50.996] [warning] Couldn't find file 'r_bofoot.vtp'.
[2026-09-14 21:14:50.996] [warning] Couldn't find file 'hat_spine.vtp'.
[2026-09-14 21:14:50.997] [warning] Couldn't find file 'hat_jaw.vtp'.
[2026-09-14 21:14:50.997] [warning] Couldn't find file 'hat_skull.vtp'.
[2026-09-14 21:14:50.997] [warning] Couldn't find file 'hat_ribs_scap.vtp'.
[2026-09-14 21:14:51.033] [info] Loaded model 2D_gait from file C:\GBW_MyPrograms\PredSimSHARED3\Subjects\gait1018_esmac\gait1018_esmac.osim
[2026-09-14 21:14:51.033] [warning] Couldn't find file 'r_pelvis.vtp'.
[2026-09-14 21:14:51.033] [warning] Couldn't find file 'l_pelvis.vtp'.
[2026-09-14 21:14:51.033] [warning] Couldn't find file 'sacrum.vtp'.
[2026-09-14 21:14:51.033] [warning] Couldn't find file 'femur_l.vtp'.
[2026-09-14 21:14:51.033] [warning] Couldn't find file 'femur_r.vtp'.
[2026-09-14 21:14:51.033] [warning] Couldn't find file 'tibia_l.vtp'.
[2026-09-14 21:14:51.033] [warning] Couldn't find file 'l_fibula.vtp'.
[2026-09-14 21:14:51.034] [warning] Couldn't find file 'tibia_r.vtp'.
[2026-09-14 21:14:51.034] [warning] Couldn't find file 'r_fibula.vtp'.
[2026-09-14 21:14:51.034] [warning] Couldn't find file 'l_talus.vtp'.
[2026-09-14 21:14:51.034] [warning] Couldn't find file 'r_talus.vtp'.
[2026-09-14 21:14:51.034] [warning] Couldn't find file 'l_foot.vtp'.
[2026-09-14 21:14:51.034] [warning] Couldn't find file 'r_foot.vtp'.
[2026-09-14 21:14:51.034] [warning] Couldn't find file 'l_bofoot.vtp'.
[2026-09-14 21:14:51.034] [warning] Couldn't find file 'r_bofoot.vtp'.
[2026-09-14 21:14:51.034] [warning] Couldn't find file 'hat_spine.vtp'.
[2026-09-14 21:14:51.034] [warning] Couldn't find file 'hat_jaw.vtp'.
[2026-09-14 21:14:51.034] [warning] Couldn't find file 'hat_skull.vtp'.
[2026-09-14 21:14:51.034] [warning] Couldn't find file 'hat_ribs_scap.vtp'.
[2026-09-14 21:14:51.135] [info] Loaded model 2D_gait from file C:\GBW_MyPrograms\PredSimSHARED3\Subjects\gait1018_esmac\gait1018_esmac.osim
[2026-09-14 21:14:51.135] [warning] Couldn't find file 'r_pelvis.vtp'.
[2026-09-14 21:14:51.135] [warning] Couldn't find file 'l_pelvis.vtp'.
[2026-09-14 21:14:51.135] [warning] Couldn't find file 'sacrum.vtp'.
[2026-09-14 21:14:51.135] [warning] Couldn't find file 'femur_l.vtp'.
[2026-09-14 21:14:51.135] [warning] Couldn't find file 'femur_r.vtp'.
[2026-09-14 21:14:51.136] [warning] Couldn't find file 'tibia_l.vtp'.
[2026-09-14 21:14:51.136] [warning] Couldn't find file 'l_fibula.vtp'.
[2026-09-14 21:14:51.136] [warning] Couldn't find file 'tibia_r.vtp'.
[2026-09-14 21:14:51.136] [warning] Couldn't find file 'r_fibula.vtp'.
[2026-09-14 21:14:51.136] [warning] Couldn't find file 'l_talus.vtp'.
[2026-09-14 21:14:51.136] [warning] Couldn't find file 'r_talus.vtp'.
[2026-09-14 21:14:51.136] [warning] Couldn't find file 'l_foot.vtp'.
[2026-09-14 21:14:51.136] [warning] Couldn't find file 'r_foot.vtp'.
[2026-09-14 21:14:51.136] [warning] Couldn't find file 'l_bofoot.vtp'.
[2026-09-14 21:14:51.136] [warning] Couldn't find file 'r_bofoot.vtp'.
[2026-09-14 21:14:51.136] [warning] Couldn't find file 'hat_spine.vtp'.
[2026-09-14 21:14:51.136] [warning] Couldn't find file 'hat_jaw.vtp'.
[2026-09-14 21:14:51.136] [warning] Couldn't find file 'hat_skull.vtp'.
[2026-09-14 21:14:51.136] [warning] Couldn't find file 'hat_ribs_scap.vtp'.
[2026-09-14 21:14:51.155] [info] Loaded model 2D_gait from file C:\GBW_MyPrograms\PredSimSHARED3\Subjects\gait1018_esmac\gait1018_esmac.osim
[2026-09-14 21:14:51.155] [warning] Couldn't find file 'r_pelvis.vtp'.
[2026-09-14 21:14:51.155] [warning] Couldn't find file 'l_pelvis.vtp'.
[2026-09-14 21:14:51.155] [warning] Couldn't find file 'sacrum.vtp'.
[2026-09-14 21:14:51.155] [warning] Couldn't find file 'femur_l.vtp'.
[2026-09-14 21:14:51.155] [warning] Couldn't find file 'femur_r.vtp'.
[2026-09-14 21:14:51.155] [warning] Couldn't find file 'tibia_l.vtp'.
[2026-09-14 21:14:51.155] [warning] Couldn't find file 'l_fibula.vtp'.
[2026-09-14 21:14:51.155] [warning] Couldn't find file 'tibia_r.vtp'.
[2026-09-14 21:14:51.155] [warning] Couldn't find file 'r_fibula.vtp'.
[2026-09-14 21:14:51.155] [warning] Couldn't find file 'l_talus.vtp'.
[2026-09-14 21:14:51.156] [warning] Couldn't find file 'r_talus.vtp'.
[2026-09-14 21:14:51.156] [warning] Couldn't find file 'l_foot.vtp'.
[2026-09-14 21:14:51.156] [warning] Couldn't find file 'r_foot.vtp'.
[2026-09-14 21:14:51.156] [warning] Couldn't find file 'l_bofoot.vtp'.
[2026-09-14 21:14:51.156] [warning] Couldn't find file 'r_bofoot.vtp'.
[2026-09-14 21:14:51.156] [warning] Couldn't find file 'hat_spine.vtp'.
[2026-09-14 21:14:51.156] [warning] Couldn't find file 'hat_jaw.vtp'.
[2026-09-14 21:14:51.156] [warning] Couldn't find file 'hat_skull.vtp'.
[2026-09-14 21:14:51.156] [warning] Couldn't find file 'hat_ribs_scap.vtp'.
[2026-09-14 21:15:14.039] [info] Loaded model 2D_gait from file C:\GBW_MyPrograms\PredSimSHARED3\Subjects\gait1018_esmac\gait1018_esmac.osim
[2026-09-14 21:15:14.039] [warning] Couldn't find file 'r_pelvis.vtp'.
[2026-09-14 21:15:14.039] [warning] Couldn't find file 'l_pelvis.vtp'.
[2026-09-14 21:15:14.039] [warning] Couldn't find file 'sacrum.vtp'.
[2026-09-14 21:15:14.039] [warning] Couldn't find file 'femur_l.vtp'.
[2026-09-14 21:15:14.039] [warning] Couldn't find file 'femur_r.vtp'.
[2026-09-14 21:15:14.039] [warning] Couldn't find file 'tibia_l.vtp'.
[2026-09-14 21:15:14.039] [warning] Couldn't find file 'l_fibula.vtp'.
[2026-09-14 21:15:14.040] [warning] Couldn't find file 'tibia_r.vtp'.
[2026-09-14 21:15:14.040] [warning] Couldn't find file 'r_fibula.vtp'.
[2026-09-14 21:15:14.040] [warning] Couldn't find file 'l_talus.vtp'.
[2026-09-14 21:15:14.040] [warning] Couldn't find file 'r_talus.vtp'.
[2026-09-14 21:15:14.040] [warning] Couldn't find file 'l_foot.vtp'.
[2026-09-14 21:15:14.040] [warning] Couldn't find file 'r_foot.vtp'.
[2026-09-14 21:15:14.040] [warning] Couldn't find file 'l_bofoot.vtp'.
[2026-09-14 21:15:14.040] [warning] Couldn't find file 'r_bofoot.vtp'.
[2026-09-14 21:15:14.040] [warning] Couldn't find file 'hat_spine.vtp'.
[2026-09-14 21:15:14.040] [warning] Couldn't find file 'hat_jaw.vtp'.
[2026-09-14 21:15:14.040] [warning] Couldn't find file 'hat_skull.vtp'.
[2026-09-14 21:15:14.040] [warning] Couldn't find file 'hat_ribs_scap.vtp'.
[2026-09-14 21:15:14.053] [info] Loaded model 2D_gait from file C:\GBW_MyPrograms\PredSimSHARED3\Subjects\gait1018_esmac\gait1018_esmac.osim
[2026-09-14 21:15:14.053] [warning] Couldn't find file 'r_pelvis.vtp'.
[2026-09-14 21:15:14.053] [warning] Couldn't find file 'l_pelvis.vtp'.
[2026-09-14 21:15:14.053] [warning] Couldn't find file 'sacrum.vtp'.
[2026-09-14 21:15:14.053] [warning] Couldn't find file 'femur_l.vtp'.
[2026-09-14 21:15:14.053] [warning] Couldn't find file 'femur_r.vtp'.
[2026-09-14 21:15:14.053] [warning] Couldn't find file 'tibia_l.vtp'.
[2026-09-14 21:15:14.053] [warning] Couldn't find file 'l_fibula.vtp'.
[2026-09-14 21:15:14.053] [warning] Couldn't find file 'tibia_r.vtp'.
[2026-09-14 21:15:14.054] [warning] Couldn't find file 'r_fibula.vtp'.
[2026-09-14 21:15:14.054] [warning] Couldn't find file 'l_talus.vtp'.
[2026-09-14 21:15:14.054] [warning] Couldn't find file 'r_talus.vtp'.
[2026-09-14 21:15:14.054] [warning] Couldn't find file 'l_foot.vtp'.
[2026-09-14 21:15:14.054] [warning] Couldn't find file 'r_foot.vtp'.
[2026-09-14 21:15:14.054] [warning] Couldn't find file 'l_bofoot.vtp'.
[2026-09-14 21:15:14.054] [warning] Couldn't find file 'r_bofoot.vtp'.
[2026-09-14 21:15:14.054] [warning] Couldn't find file 'hat_spine.vtp'.
[2026-09-14 21:15:14.054] [warning] Couldn't find file 'hat_jaw.vtp'.
[2026-09-14 21:15:14.054] [warning] Couldn't find file 'hat_skull.vtp'.
[2026-09-14 21:15:14.054] [warning] Couldn't find file 'hat_ribs_scap.vtp'.
[2026-09-14 21:15:14.066] [info] Loaded model 2D_gait from file C:\GBW_MyPrograms\PredSimSHARED3\Subjects\gait1018_esmac\gait1018_esmac.osim
[2026-09-14 21:15:14.066] [warning] Couldn't find file 'r_pelvis.vtp'.
[2026-09-14 21:15:14.066] [warning] Couldn't find file 'l_pelvis.vtp'.
[2026-09-14 21:15:14.066] [warning] Couldn't find file 'sacrum.vtp'.
[2026-09-14 21:15:14.066] [warning] Couldn't find file 'femur_l.vtp'.
[2026-09-14 21:15:14.067] [warning] Couldn't find file 'femur_r.vtp'.
[2026-09-14 21:15:14.067] [warning] Couldn't find file 'tibia_l.vtp'.
[2026-09-14 21:15:14.067] [warning] Couldn't find file 'l_fibula.vtp'.
[2026-09-14 21:15:14.067] [warning] Couldn't find file 'tibia_r.vtp'.
[2026-09-14 21:15:14.067] [warning] Couldn't find file 'r_fibula.vtp'.
[2026-09-14 21:15:14.067] [warning] Couldn't find file 'l_talus.vtp'.
[2026-09-14 21:15:14.067] [warning] Couldn't find file 'r_talus.vtp'.
[2026-09-14 21:15:14.067] [warning] Couldn't find file 'l_foot.vtp'.
[2026-09-14 21:15:14.067] [warning] Couldn't find file 'r_foot.vtp'.
[2026-09-14 21:15:14.067] [warning] Couldn't find file 'l_bofoot.vtp'.
[2026-09-14 21:15:14.067] [warning] Couldn't find file 'r_bofoot.vtp'.
[2026-09-14 21:15:14.067] [warning] Couldn't find file 'hat_spine.vtp'.
[2026-09-14 21:15:14.067] [warning] Couldn't find file 'hat_jaw.vtp'.
[2026-09-14 21:15:14.067] [warning] Couldn't find file 'hat_skull.vtp'.
[2026-09-14 21:15:14.067] [warning] Couldn't find file 'hat_ribs_scap.vtp'.
[2026-09-14 21:15:14.083] [info] Loaded model 2D_gait from file C:\GBW_MyPrograms\PredSimSHARED3\Subjects\gait1018_esmac\gait1018_esmac.osim
[2026-09-14 21:15:14.083] [warning] Couldn't find file 'r_pelvis.vtp'.
[2026-09-14 21:15:14.084] [warning] Couldn't find file 'l_pelvis.vtp'.
[2026-09-14 21:15:14.084] [warning] Couldn't find file 'sacrum.vtp'.
[2026-09-14 21:15:14.084] [warning] Couldn't find file 'femur_l.vtp'.
[2026-09-14 21:15:14.084] [warning] Couldn't find file 'femur_r.vtp'.
[2026-09-14 21:15:14.084] [warning] Couldn't find file 'tibia_l.vtp'.
[2026-09-14 21:15:14.084] [warning] Couldn't find file 'l_fibula.vtp'.
[2026-09-14 21:15:14.084] [warning] Couldn't find file 'tibia_r.vtp'.
[2026-09-14 21:15:14.084] [warning] Couldn't find file 'r_fibula.vtp'.
[2026-09-14 21:15:14.084] [warning] Couldn't find file 'l_talus.vtp'.
[2026-09-14 21:15:14.084] [warning] Couldn't find file 'r_talus.vtp'.
[2026-09-14 21:15:14.084] [warning] Couldn't find file 'l_foot.vtp'.
[2026-09-14 21:15:14.084] [warning] Couldn't find file 'r_foot.vtp'.
[2026-09-14 21:15:14.084] [warning] Couldn't find file 'l_bofoot.vtp'.
[2026-09-14 21:15:14.084] [warning] Couldn't find file 'r_bofoot.vtp'.
[2026-09-14 21:15:14.084] [warning] Couldn't find file 'hat_spine.vtp'.
[2026-09-14 21:15:14.084] [warning] Couldn't find file 'hat_jaw.vtp'.
[2026-09-14 21:15:14.085] [warning] Couldn't find file 'hat_skull.vtp'.
[2026-09-14 21:15:14.085] [warning] Couldn't find file 'hat_ribs_scap.vtp'.
[2026-09-14 21:15:14.165] [info] Loaded model 2D_gait from file C:\GBW_MyPrograms\PredSimSHARED3\Subjects\gait1018_esmac\gait1018_esmac.osim
[2026-09-14 21:15:14.165] [warning] Couldn't find file 'r_pelvis.vtp'.
[2026-09-14 21:15:14.165] [warning] Couldn't find file 'l_pelvis.vtp'.
[2026-09-14 21:15:14.165] [warning] Couldn't find file 'sacrum.vtp'.
[2026-09-14 21:15:14.165] [warning] Couldn't find file 'femur_l.vtp'.
[2026-09-14 21:15:14.165] [warning] Couldn't find file 'femur_r.vtp'.
[2026-09-14 21:15:14.165] [warning] Couldn't find file 'tibia_l.vtp'.
[2026-09-14 21:15:14.165] [warning] Couldn't find file 'l_fibula.vtp'.
[2026-09-14 21:15:14.165] [warning] Couldn't find file 'tibia_r.vtp'.
[2026-09-14 21:15:14.165] [warning] Couldn't find file 'r_fibula.vtp'.
[2026-09-14 21:15:14.165] [warning] Couldn't find file 'l_talus.vtp'.
[2026-09-14 21:15:14.165] [warning] Couldn't find file 'r_talus.vtp'.
[2026-09-14 21:15:14.165] [warning] Couldn't find file 'l_foot.vtp'.
[2026-09-14 21:15:14.166] [warning] Couldn't find file 'r_foot.vtp'.
[2026-09-14 21:15:14.166] [warning] Couldn't find file 'l_bofoot.vtp'.
[2026-09-14 21:15:14.166] [warning] Couldn't find file 'r_bofoot.vtp'.
[2026-09-14 21:15:14.166] [warning] Couldn't find file 'hat_spine.vtp'.
[2026-09-14 21:15:14.166] [warning] Couldn't find file 'hat_jaw.vtp'.
[2026-09-14 21:15:14.166] [warning] Couldn't find file 'hat_skull.vtp'.
[2026-09-14 21:15:14.166] [warning] Couldn't find file 'hat_ribs_scap.vtp'.
[2026-09-14 21:15:14.206] [info] Loaded model 2D_gait from file C:\GBW_MyPrograms\PredSimSHARED3\Subjects\gait1018_esmac\gait1018_esmac.osim
[2026-09-14 21:15:14.206] [warning] Couldn't find file 'r_pelvis.vtp'.
[2026-09-14 21:15:14.206] [warning] Couldn't find file 'l_pelvis.vtp'.
[2026-09-14 21:15:14.206] [warning] Couldn't find file 'sacrum.vtp'.
[2026-09-14 21:15:14.206] [warning] Couldn't find file 'femur_l.vtp'.
[2026-09-14 21:15:14.206] [warning] Couldn't find file 'femur_r.vtp'.
[2026-09-14 21:15:14.206] [warning] Couldn't find file 'tibia_l.vtp'.
[2026-09-14 21:15:14.206] [warning] Couldn't find file 'l_fibula.vtp'.
[2026-09-14 21:15:14.206] [warning] Couldn't find file 'tibia_r.vtp'.
[2026-09-14 21:15:14.206] [warning] Couldn't find file 'r_fibula.vtp'.
[2026-09-14 21:15:14.207] [warning] Couldn't find file 'l_talus.vtp'.
[2026-09-14 21:15:14.207] [warning] Couldn't find file 'r_talus.vtp'.
[2026-09-14 21:15:14.207] [warning] Couldn't find file 'l_foot.vtp'.
[2026-09-14 21:15:14.207] [warning] Couldn't find file 'r_foot.vtp'.
[2026-09-14 21:15:14.207] [warning] Couldn't find file 'l_bofoot.vtp'.
[2026-09-14 21:15:14.207] [warning] Couldn't find file 'r_bofoot.vtp'.
[2026-09-14 21:15:14.207] [warning] Couldn't find file 'hat_spine.vtp'.
[2026-09-14 21:15:14.207] [warning] Couldn't find file 'hat_jaw.vtp'.
[2026-09-14 21:15:14.207] [warning] Couldn't find file 'hat_skull.vtp'.
[2026-09-14 21:15:14.207] [warning] Couldn't find file 'hat_ribs_scap.vtp'.
[2026-09-14 21:15:14.235] [info] Loaded model 2D_gait from file C:\GBW_MyPrograms\PredSimSHARED3\Subjects\gait1018_esmac\gait1018_esmac.osim
[2026-09-14 21:15:14.235] [warning] Couldn't find file 'r_pelvis.vtp'.
[2026-09-14 21:15:14.235] [warning] Couldn't find file 'l_pelvis.vtp'.
[2026-09-14 21:15:14.235] [warning] Couldn't find file 'sacrum.vtp'.
[2026-09-14 21:15:14.235] [warning] Couldn't find file 'femur_l.vtp'.
[2026-09-14 21:15:14.235] [warning] Couldn't find file 'femur_r.vtp'.
[2026-09-14 21:15:14.235] [warning] Couldn't find file 'tibia_l.vtp'.
[2026-09-14 21:15:14.235] [warning] Couldn't find file 'l_fibula.vtp'.
[2026-09-14 21:15:14.236] [warning] Couldn't find file 'tibia_r.vtp'.
[2026-09-14 21:15:14.236] [warning] Couldn't find file 'r_fibula.vtp'.
[2026-09-14 21:15:14.236] [warning] Couldn't find file 'l_talus.vtp'.
[2026-09-14 21:15:14.236] [warning] Couldn't find file 'r_talus.vtp'.
[2026-09-14 21:15:14.236] [warning] Couldn't find file 'l_foot.vtp'.
[2026-09-14 21:15:14.236] [warning] Couldn't find file 'r_foot.vtp'.
[2026-09-14 21:15:14.236] [warning] Couldn't find file 'l_bofoot.vtp'.
[2026-09-14 21:15:14.236] [warning] Couldn't find file 'r_bofoot.vtp'.
[2026-09-14 21:15:14.236] [warning] Couldn't find file 'hat_spine.vtp'.
[2026-09-14 21:15:14.236] [warning] Couldn't find file 'hat_jaw.vtp'.
[2026-09-14 21:15:14.236] [warning] Couldn't find file 'hat_skull.vtp'.
[2026-09-14 21:15:14.236] [warning] Couldn't find file 'hat_ribs_scap.vtp'.
[2026-09-14 21:15:14.253] [info] Loaded model 2D_gait from file C:\GBW_MyPrograms\PredSimSHARED3\Subjects\gait1018_esmac\gait1018_esmac.osim
[2026-09-14 21:15:14.253] [warning] Couldn't find file 'r_pelvis.vtp'.
[2026-09-14 21:15:14.253] [warning] Couldn't find file 'l_pelvis.vtp'.
[2026-09-14 21:15:14.253] [warning] Couldn't find file 'sacrum.vtp'.
[2026-09-14 21:15:14.253] [warning] Couldn't find file 'femur_l.vtp'.
[2026-09-14 21:15:14.253] [warning] Couldn't find file 'femur_r.vtp'.
[2026-09-14 21:15:14.254] [warning] Couldn't find file 'tibia_l.vtp'.
[2026-09-14 21:15:14.254] [warning] Couldn't find file 'l_fibula.vtp'.
[2026-09-14 21:15:14.254] [warning] Couldn't find file 'tibia_r.vtp'.
[2026-09-14 21:15:14.254] [warning] Couldn't find file 'r_fibula.vtp'.
[2026-09-14 21:15:14.254] [warning] Couldn't find file 'l_talus.vtp'.
[2026-09-14 21:15:14.254] [warning] Couldn't find file 'r_talus.vtp'.
[2026-09-14 21:15:14.254] [warning] Couldn't find file 'l_foot.vtp'.
[2026-09-14 21:15:14.254] [warning] Couldn't find file 'r_foot.vtp'.
[2026-09-14 21:15:14.254] [warning] Couldn't find file 'l_bofoot.vtp'.
[2026-09-14 21:15:14.254] [warning] Couldn't find file 'r_bofoot.vtp'.
[2026-09-14 21:15:14.254] [warning] Couldn't find file 'hat_spine.vtp'.
[2026-09-14 21:15:14.254] [warning] Couldn't find file 'hat_jaw.vtp'.
[2026-09-14 21:15:14.254] [warning] Couldn't find file 'hat_skull.vtp'.
[2026-09-14 21:15:14.254] [warning] Couldn't find file 'hat_ribs_scap.vtp'.
[2026-09-14 21:15:14.330] [info] Loaded model 2D_gait from file C:\GBW_MyPrograms\PredSimSHARED3\Subjects\gait1018_esmac\gait1018_esmac.osim
[2026-09-14 21:15:14.330] [warning] Couldn't find file 'r_pelvis.vtp'.
[2026-09-14 21:15:14.330] [warning] Couldn't find file 'l_pelvis.vtp'.
[2026-09-14 21:15:14.330] [warning] Couldn't find file 'sacrum.vtp'.
[2026-09-14 21:15:14.330] [warning] Couldn't find file 'femur_l.vtp'.
[2026-09-14 21:15:14.331] [warning] Couldn't find file 'femur_r.vtp'.
[2026-09-14 21:15:14.331] [warning] Couldn't find file 'tibia_l.vtp'.
[2026-09-14 21:15:14.331] [warning] Couldn't find file 'l_fibula.vtp'.
[2026-09-14 21:15:14.331] [warning] Couldn't find file 'tibia_r.vtp'.
[2026-09-14 21:15:14.331] [warning] Couldn't find file 'r_fibula.vtp'.
[2026-09-14 21:15:14.331] [warning] Couldn't find file 'l_talus.vtp'.
[2026-09-14 21:15:14.331] [warning] Couldn't find file 'r_talus.vtp'.
[2026-09-14 21:15:14.331] [warning] Couldn't find file 'l_foot.vtp'.
[2026-09-14 21:15:14.331] [warning] Couldn't find file 'r_foot.vtp'.
[2026-09-14 21:15:14.331] [warning] Couldn't find file 'l_bofoot.vtp'.
[2026-09-14 21:15:14.331] [warning] Couldn't find file 'r_bofoot.vtp'.
[2026-09-14 21:15:14.331] [warning] Couldn't find file 'hat_spine.vtp'.
[2026-09-14 21:15:14.331] [warning] Couldn't find file 'hat_jaw.vtp'.
[2026-09-14 21:15:14.331] [warning] Couldn't find file 'hat_skull.vtp'.
[2026-09-14 21:15:14.331] [warning] Couldn't find file 'hat_ribs_scap.vtp'.
[2026-09-14 21:15:14.349] [info] Loaded model 2D_gait from file C:\GBW_MyPrograms\PredSimSHARED3\Subjects\gait1018_esmac\gait1018_esmac.osim
[2026-09-14 21:15:14.349] [warning] Couldn't find file 'r_pelvis.vtp'.
[2026-09-14 21:15:14.349] [warning] Couldn't find file 'l_pelvis.vtp'.
[2026-09-14 21:15:14.349] [warning] Couldn't find file 'sacrum.vtp'.
[2026-09-14 21:15:14.349] [warning] Couldn't find file 'femur_l.vtp'.
[2026-09-14 21:15:14.349] [warning] Couldn't find file 'femur_r.vtp'.
[2026-09-14 21:15:14.349] [warning] Couldn't find file 'tibia_l.vtp'.
[2026-09-14 21:15:14.349] [warning] Couldn't find file 'l_fibula.vtp'.
[2026-09-14 21:15:14.349] [warning] Couldn't find file 'tibia_r.vtp'.
[2026-09-14 21:15:14.350] [warning] Couldn't find file 'r_fibula.vtp'.
[2026-09-14 21:15:14.350] [warning] Couldn't find file 'l_talus.vtp'.
[2026-09-14 21:15:14.350] [warning] Couldn't find file 'r_talus.vtp'.
[2026-09-14 21:15:14.350] [warning] Couldn't find file 'l_foot.vtp'.
[2026-09-14 21:15:14.350] [warning] Couldn't find file 'r_foot.vtp'.
[2026-09-14 21:15:14.350] [warning] Couldn't find file 'l_bofoot.vtp'.
[2026-09-14 21:15:14.350] [warning] Couldn't find file 'r_bofoot.vtp'.
[2026-09-14 21:15:14.350] [warning] Couldn't find file 'hat_spine.vtp'.
[2026-09-14 21:15:14.350] [warning] Couldn't find file 'hat_jaw.vtp'.
[2026-09-14 21:15:14.350] [warning] Couldn't find file 'hat_skull.vtp'.
[2026-09-14 21:15:14.350] [warning] Couldn't find file 'hat_ribs_scap.vtp'.
[2026-09-14 21:16:40.515] [info] Loaded model 2D_gait from file C:\GBW_MyPrograms\PredSimSHARED3\Subjects\gait1018_esmac\gait1018_esmac.osim
[2026-09-14 21:16:40.515] [warning] Couldn't find file 'r_pelvis.vtp'.
[2026-09-14 21:16:40.515] [warning] Couldn't find file 'l_pelvis.vtp'.
[2026-09-14 21:16:40.515] [warning] Couldn't find file 'sacrum.vtp'.
[2026-09-14 21:16:40.515] [warning] Couldn't find file 'femur_l.vtp'.
[2026-09-14 21:16:40.515] [warning] Couldn't find file 'femur_r.vtp'.
[2026-09-14 21:16:40.515] [warning] Couldn't find file 'tibia_l.vtp'.
[2026-09-14 21:16:40.516] [warning] Couldn't find file 'l_fibula.vtp'.
[2026-09-14 21:16:40.516] [warning] Couldn't find file 'tibia_r.vtp'.
[2026-09-14 21:16:40.516] [warning] Couldn't find file 'r_fibula.vtp'.
[2026-09-14 21:16:40.516] [warning] Couldn't find file 'l_talus.vtp'.
[2026-09-14 21:16:40.516] [warning] Couldn't find file 'r_talus.vtp'.
[2026-09-14 21:16:40.516] [warning] Couldn't find file 'l_foot.vtp'.
[2026-09-14 21:16:40.516] [warning] Couldn't find file 'r_foot.vtp'.
[2026-09-14 21:16:40.516] [warning] Couldn't find file 'l_bofoot.vtp'.
[2026-09-14 21:16:40.516] [warning] Couldn't find file 'r_bofoot.vtp'.
[2026-09-14 21:16:40.516] [warning] Couldn't find file 'hat_spine.vtp'.
[2026-09-14 21:16:40.516] [warning] Couldn't find file 'hat_jaw.vtp'.
[2026-09-14 21:16:40.516] [warning] Couldn't find file 'hat_skull.vtp'.
[2026-09-14 21:16:40.516] [warning] Couldn't find file 'hat_ribs_scap.vtp'.
[2026-09-14 21:16:40.535] [info] Loaded model 2D_gait from file C:\GBW_MyPrograms\PredSimSHARED3\Subjects\gait1018_esmac\gait1018_esmac.osim
[2026-09-14 21:16:40.535] [warning] Couldn't find file 'r_pelvis.vtp'.
[2026-09-14 21:16:40.535] [warning] Couldn't find file 'l_pelvis.vtp'.
[2026-09-14 21:16:40.535] [warning] Couldn't find file 'sacrum.vtp'.
[2026-09-14 21:16:40.535] [warning] Couldn't find file 'femur_l.vtp'.
[2026-09-14 21:16:40.536] [warning] Couldn't find file 'femur_r.vtp'.
[2026-09-14 21:16:40.536] [warning] Couldn't find file 'tibia_l.vtp'.
[2026-09-14 21:16:40.536] [warning] Couldn't find file 'l_fibula.vtp'.
[2026-09-14 21:16:40.536] [warning] Couldn't find file 'tibia_r.vtp'.
[2026-09-14 21:16:40.536] [warning] Couldn't find file 'r_fibula.vtp'.
[2026-09-14 21:16:40.536] [warning] Couldn't find file 'l_talus.vtp'.
[2026-09-14 21:16:40.536] [warning] Couldn't find file 'r_talus.vtp'.
[2026-09-14 21:16:40.536] [warning] Couldn't find file 'l_foot.vtp'.
[2026-09-14 21:16:40.536] [warning] Couldn't find file 'r_foot.vtp'.
[2026-09-14 21:16:40.536] [warning] Couldn't find file 'l_bofoot.vtp'.
[2026-09-14 21:16:40.536] [warning] Couldn't find file 'r_bofoot.vtp'.
[2026-09-14 21:16:40.536] [warning] Couldn't find file 'hat_spine.vtp'.
[2026-09-14 21:16:40.536] [warning] Couldn't find file 'hat_jaw.vtp'.
[2026-09-14 21:16:40.536] [warning] Couldn't find file 'hat_skull.vtp'.
[2026-09-14 21:16:40.536] [warning] Couldn't find file 'hat_ribs_scap.vtp'.
[2026-09-14 21:16:40.548] [info] Loaded model 2D_gait from file C:\GBW_MyPrograms\PredSimSHARED3\Subjects\gait1018_esmac\gait1018_esmac.osim
[2026-09-14 21:16:40.548] [warning] Couldn't find file 'r_pelvis.vtp'.
[2026-09-14 21:16:40.548] [warning] Couldn't find file 'l_pelvis.vtp'.
[2026-09-14 21:16:40.548] [warning] Couldn't find file 'sacrum.vtp'.
[2026-09-14 21:16:40.548] [warning] Couldn't find file 'femur_l.vtp'.
[2026-09-14 21:16:40.549] [warning] Couldn't find file 'femur_r.vtp'.
[2026-09-14 21:16:40.549] [warning] Couldn't find file 'tibia_l.vtp'.
[2026-09-14 21:16:40.549] [warning] Couldn't find file 'l_fibula.vtp'.
[2026-09-14 21:16:40.549] [warning] Couldn't find file 'tibia_r.vtp'.
[2026-09-14 21:16:40.549] [warning] Couldn't find file 'r_fibula.vtp'.
[2026-09-14 21:16:40.549] [warning] Couldn't find file 'l_talus.vtp'.
[2026-09-14 21:16:40.549] [warning] Couldn't find file 'r_talus.vtp'.
[2026-09-14 21:16:40.549] [warning] Couldn't find file 'l_foot.vtp'.
[2026-09-14 21:16:40.549] [warning] Couldn't find file 'r_foot.vtp'.
[2026-09-14 21:16:40.549] [warning] Couldn't find file 'l_bofoot.vtp'.
[2026-09-14 21:16:40.549] [warning] Couldn't find file 'r_bofoot.vtp'.
[2026-09-14 21:16:40.549] [warning] Couldn't find file 'hat_spine.vtp'.
[2026-09-14 21:16:40.549] [warning] Couldn't find file 'hat_jaw.vtp'.
[2026-09-14 21:16:40.549] [warning] Couldn't find file 'hat_skull.vtp'.
[2026-09-14 21:16:40.549] [warning] Couldn't find file 'hat_ribs_scap.vtp'.
[2026-09-14 21:16:40.565] [info] Loaded model 2D_gait from file C:\GBW_MyPrograms\PredSimSHARED3\Subjects\gait1018_esmac\gait1018_esmac.osim
[2026-09-14 21:16:40.565] [warning] Couldn't find file 'r_pelvis.vtp'.
[2026-09-14 21:16:40.565] [warning] Couldn't find file 'l_pelvis.vtp'.
[2026-09-14 21:16:40.565] [warning] Couldn't find file 'sacrum.vtp'.
[2026-09-14 21:16:40.565] [warning] Couldn't find file 'femur_l.vtp'.
[2026-09-14 21:16:40.566] [warning] Couldn't find file 'femur_r.vtp'.
[2026-09-14 21:16:40.566] [warning] Couldn't find file 'tibia_l.vtp'.
[2026-09-14 21:16:40.566] [warning] Couldn't find file 'l_fibula.vtp'.
[2026-09-14 21:16:40.566] [warning] Couldn't find file 'tibia_r.vtp'.
[2026-09-14 21:16:40.566] [warning] Couldn't find file 'r_fibula.vtp'.
[2026-09-14 21:16:40.566] [warning] Couldn't find file 'l_talus.vtp'.
[2026-09-14 21:16:40.566] [warning] Couldn't find file 'r_talus.vtp'.
[2026-09-14 21:16:40.566] [warning] Couldn't find file 'l_foot.vtp'.
[2026-09-14 21:16:40.566] [warning] Couldn't find file 'r_foot.vtp'.
[2026-09-14 21:16:40.566] [warning] Couldn't find file 'l_bofoot.vtp'.
[2026-09-14 21:16:40.566] [warning] Couldn't find file 'r_bofoot.vtp'.
[2026-09-14 21:16:40.566] [warning] Couldn't find file 'hat_spine.vtp'.
[2026-09-14 21:16:40.566] [warning] Couldn't find file 'hat_jaw.vtp'.
[2026-09-14 21:16:40.566] [warning] Couldn't find file 'hat_skull.vtp'.
[2026-09-14 21:16:40.566] [warning] Couldn't find file 'hat_ribs_scap.vtp'.
[2026-09-14 21:16:40.612] [info] Loaded model 2D_gait from file C:\GBW_MyPrograms\PredSimSHARED3\Subjects\gait1018_esmac\gait1018_esmac.osim
[2026-09-14 21:16:40.612] [warning] Couldn't find file 'r_pelvis.vtp'.
[2026-09-14 21:16:40.612] [warning] Couldn't find file 'l_pelvis.vtp'.
[2026-09-14 21:16:40.612] [warning] Couldn't find file 'sacrum.vtp'.
[2026-09-14 21:16:40.612] [warning] Couldn't find file 'femur_l.vtp'.
[2026-09-14 21:16:40.612] [warning] Couldn't find file 'femur_r.vtp'.
[2026-09-14 21:16:40.613] [warning] Couldn't find file 'tibia_l.vtp'.
[2026-09-14 21:16:40.613] [warning] Couldn't find file 'l_fibula.vtp'.
[2026-09-14 21:16:40.613] [warning] Couldn't find file 'tibia_r.vtp'.
[2026-09-14 21:16:40.613] [warning] Couldn't find file 'r_fibula.vtp'.
[2026-09-14 21:16:40.613] [warning] Couldn't find file 'l_talus.vtp'.
[2026-09-14 21:16:40.613] [warning] Couldn't find file 'r_talus.vtp'.
[2026-09-14 21:16:40.613] [warning] Couldn't find file 'l_foot.vtp'.
[2026-09-14 21:16:40.613] [warning] Couldn't find file 'r_foot.vtp'.
[2026-09-14 21:16:40.613] [warning] Couldn't find file 'l_bofoot.vtp'.
[2026-09-14 21:16:40.613] [warning] Couldn't find file 'r_bofoot.vtp'.
[2026-09-14 21:16:40.613] [warning] Couldn't find file 'hat_spine.vtp'.
[2026-09-14 21:16:40.613] [warning] Couldn't find file 'hat_jaw.vtp'.
[2026-09-14 21:16:40.613] [warning] Couldn't find file 'hat_skull.vtp'.
[2026-09-14 21:16:40.613] [warning] Couldn't find file 'hat_ribs_scap.vtp'.
[2026-09-14 21:16:40.667] [info] Loaded model 2D_gait from file C:\GBW_MyPrograms\PredSimSHARED3\Subjects\gait1018_esmac\gait1018_esmac.osim
[2026-09-14 21:16:40.667] [warning] Couldn't find file 'r_pelvis.vtp'.
[2026-09-14 21:16:40.667] [warning] Couldn't find file 'l_pelvis.vtp'.
[2026-09-14 21:16:40.667] [warning] Couldn't find file 'sacrum.vtp'.
[2026-09-14 21:16:40.667] [warning] Couldn't find file 'femur_l.vtp'.
[2026-09-14 21:16:40.668] [warning] Couldn't find file 'femur_r.vtp'.
[2026-09-14 21:16:40.668] [warning] Couldn't find file 'tibia_l.vtp'.
[2026-09-14 21:16:40.668] [warning] Couldn't find file 'l_fibula.vtp'.
[2026-09-14 21:16:40.668] [warning] Couldn't find file 'tibia_r.vtp'.
[2026-09-14 21:16:40.668] [warning] Couldn't find file 'r_fibula.vtp'.
[2026-09-14 21:16:40.668] [warning] Couldn't find file 'l_talus.vtp'.
[2026-09-14 21:16:40.668] [warning] Couldn't find file 'r_talus.vtp'.
[2026-09-14 21:16:40.668] [warning] Couldn't find file 'l_foot.vtp'.
[2026-09-14 21:16:40.668] [warning] Couldn't find file 'r_foot.vtp'.
[2026-09-14 21:16:40.668] [warning] Couldn't find file 'l_bofoot.vtp'.
[2026-09-14 21:16:40.668] [warning] Couldn't find file 'r_bofoot.vtp'.
[2026-09-14 21:16:40.668] [warning] Couldn't find file 'hat_spine.vtp'.
[2026-09-14 21:16:40.668] [warning] Couldn't find file 'hat_jaw.vtp'.
[2026-09-14 21:16:40.668] [warning] Couldn't find file 'hat_skull.vtp'.
[2026-09-14 21:16:40.668] [warning] Couldn't find file 'hat_ribs_scap.vtp'.
[2026-09-14 21:16:40.697] [info] Loaded model 2D_gait from file C:\GBW_MyPrograms\PredSimSHARED3\Subjects\gait1018_esmac\gait1018_esmac.osim
[2026-09-14 21:16:40.697] [warning] Couldn't find file 'r_pelvis.vtp'.
[2026-09-14 21:16:40.697] [warning] Couldn't find file 'l_pelvis.vtp'.
[2026-09-14 21:16:40.697] [warning] Couldn't find file 'sacrum.vtp'.
[2026-09-14 21:16:40.697] [warning] Couldn't find file 'femur_l.vtp'.
[2026-09-14 21:16:40.697] [warning] Couldn't find file 'femur_r.vtp'.
[2026-09-14 21:16:40.698] [warning] Couldn't find file 'tibia_l.vtp'.
[2026-09-14 21:16:40.698] [warning] Couldn't find file 'l_fibula.vtp'.
[2026-09-14 21:16:40.698] [warning] Couldn't find file 'tibia_r.vtp'.
[2026-09-14 21:16:40.698] [warning] Couldn't find file 'r_fibula.vtp'.
[2026-09-14 21:16:40.698] [warning] Couldn't find file 'l_talus.vtp'.
[2026-09-14 21:16:40.698] [warning] Couldn't find file 'r_talus.vtp'.
[2026-09-14 21:16:40.698] [warning] Couldn't find file 'l_foot.vtp'.
[2026-09-14 21:16:40.698] [warning] Couldn't find file 'r_foot.vtp'.
[2026-09-14 21:16:40.698] [warning] Couldn't find file 'l_bofoot.vtp'.
[2026-09-14 21:16:40.698] [warning] Couldn't find file 'r_bofoot.vtp'.
[2026-09-14 21:16:40.698] [warning] Couldn't find file 'hat_spine.vtp'.
[2026-09-14 21:16:40.698] [warning] Couldn't find file 'hat_jaw.vtp'.
[2026-09-14 21:16:40.698] [warning] Couldn't find file 'hat_skull.vtp'.
[2026-09-14 21:16:40.698] [warning] Couldn't find file 'hat_ribs_scap.vtp'.
[2026-09-14 21:16:40.716] [info] Loaded model 2D_gait from file C:\GBW_MyPrograms\PredSimSHARED3\Subjects\gait1018_esmac\gait1018_esmac.osim
[2026-09-14 21:16:40.717] [warning] Couldn't find file 'r_pelvis.vtp'.
[2026-09-14 21:16:40.717] [warning] Couldn't find file 'l_pelvis.vtp'.
[2026-09-14 21:16:40.717] [warning] Couldn't find file 'sacrum.vtp'.
[2026-09-14 21:16:40.717] [warning] Couldn't find file 'femur_l.vtp'.
[2026-09-14 21:16:40.717] [warning] Couldn't find file 'femur_r.vtp'.
[2026-09-14 21:16:40.717] [warning] Couldn't find file 'tibia_l.vtp'.
[2026-09-14 21:16:40.717] [warning] Couldn't find file 'l_fibula.vtp'.
[2026-09-14 21:16:40.717] [warning] Couldn't find file 'tibia_r.vtp'.
[2026-09-14 21:16:40.717] [warning] Couldn't find file 'r_fibula.vtp'.
[2026-09-14 21:16:40.717] [warning] Couldn't find file 'l_talus.vtp'.
[2026-09-14 21:16:40.717] [warning] Couldn't find file 'r_talus.vtp'.
[2026-09-14 21:16:40.717] [warning] Couldn't find file 'l_foot.vtp'.
[2026-09-14 21:16:40.718] [warning] Couldn't find file 'r_foot.vtp'.
[2026-09-14 21:16:40.718] [warning] Couldn't find file 'l_bofoot.vtp'.
[2026-09-14 21:16:40.718] [warning] Couldn't find file 'r_bofoot.vtp'.
[2026-09-14 21:16:40.718] [warning] Couldn't find file 'hat_spine.vtp'.
[2026-09-14 21:16:40.718] [warning] Couldn't find file 'hat_jaw.vtp'.
[2026-09-14 21:16:40.718] [warning] Couldn't find file 'hat_skull.vtp'.
[2026-09-14 21:16:40.718] [warning] Couldn't find file 'hat_ribs_scap.vtp'.
[2026-09-14 21:16:40.805] [info] Loaded model 2D_gait from file C:\GBW_MyPrograms\PredSimSHARED3\Subjects\gait1018_esmac\gait1018_esmac.osim
[2026-09-14 21:16:40.805] [warning] Couldn't find file 'r_pelvis.vtp'.
[2026-09-14 21:16:40.805] [warning] Couldn't find file 'l_pelvis.vtp'.
[2026-09-14 21:16:40.805] [warning] Couldn't find file 'sacrum.vtp'.
[2026-09-14 21:16:40.805] [warning] Couldn't find file 'femur_l.vtp'.
[2026-09-14 21:16:40.805] [warning] Couldn't find file 'femur_r.vtp'.
[2026-09-14 21:16:40.805] [warning] Couldn't find file 'tibia_l.vtp'.
[2026-09-14 21:16:40.805] [warning] Couldn't find file 'l_fibula.vtp'.
[2026-09-14 21:16:40.805] [warning] Couldn't find file 'tibia_r.vtp'.
[2026-09-14 21:16:40.805] [warning] Couldn't find file 'r_fibula.vtp'.
[2026-09-14 21:16:40.806] [warning] Couldn't find file 'l_talus.vtp'.
[2026-09-14 21:16:40.806] [warning] Couldn't find file 'r_talus.vtp'.
[2026-09-14 21:16:40.806] [warning] Couldn't find file 'l_foot.vtp'.
[2026-09-14 21:16:40.806] [warning] Couldn't find file 'r_foot.vtp'.
[2026-09-14 21:16:40.806] [warning] Couldn't find file 'l_bofoot.vtp'.
[2026-09-14 21:16:40.806] [warning] Couldn't find file 'r_bofoot.vtp'.
[2026-09-14 21:16:40.806] [warning] Couldn't find file 'hat_spine.vtp'.
[2026-09-14 21:16:40.806] [warning] Couldn't find file 'hat_jaw.vtp'.
[2026-09-14 21:16:40.806] [warning] Couldn't find file 'hat_skull.vtp'.
[2026-09-14 21:16:40.806] [warning] Couldn't find file 'hat_ribs_scap.vtp'.
[2026-09-14 21:16:40.852] [info] Loaded model 2D_gait from file C:\GBW_MyPrograms\PredSimSHARED3\Subjects\gait1018_esmac\gait1018_esmac.osim
[2026-09-14 21:16:40.852] [warning] Couldn't find file 'r_pelvis.vtp'.
[2026-09-14 21:16:40.852] [warning] Couldn't find file 'l_pelvis.vtp'.
[2026-09-14 21:16:40.853] [warning] Couldn't find file 'sacrum.vtp'.
[2026-09-14 21:16:40.853] [warning] Couldn't find file 'femur_l.vtp'.
[2026-09-14 21:16:40.853] [warning] Couldn't find file 'femur_r.vtp'.
[2026-09-14 21:16:40.853] [warning] Couldn't find file 'tibia_l.vtp'.
[2026-09-14 21:16:40.853] [warning] Couldn't find file 'l_fibula.vtp'.
[2026-09-14 21:16:40.853] [warning] Couldn't find file 'tibia_r.vtp'.
[2026-09-14 21:16:40.853] [warning] Couldn't find file 'r_fibula.vtp'.
[2026-09-14 21:16:40.853] [warning] Couldn't find file 'l_talus.vtp'.
[2026-09-14 21:16:40.853] [warning] Couldn't find file 'r_talus.vtp'.
[2026-09-14 21:16:40.853] [warning] Couldn't find file 'l_foot.vtp'.
[2026-09-14 21:16:40.853] [warning] Couldn't find file 'r_foot.vtp'.
[2026-09-14 21:16:40.853] [warning] Couldn't find file 'l_bofoot.vtp'.
[2026-09-14 21:16:40.853] [warning] Couldn't find file 'r_bofoot.vtp'.
[2026-09-14 21:16:40.853] [warning] Couldn't find file 'hat_spine.vtp'.
[2026-09-14 21:16:40.853] [warning] Couldn't find file 'hat_jaw.vtp'.
[2026-09-14 21:16:40.853] [warning] Couldn't find file 'hat_skull.vtp'.
[2026-09-14 21:16:40.854] [warning] Couldn't find file 'hat_ribs_scap.vtp'.
[2026-09-14 21:17:47.105] [info] Loaded model 2D_gait from file C:\GBW_MyPrograms\PredSimSHARED3\Subjects\gait1018_esmac\gait1018_esmac.osim
[2026-09-14 21:17:47.105] [warning] Couldn't find file 'r_pelvis.vtp'.
[2026-09-14 21:17:47.105] [warning] Couldn't find file 'l_pelvis.vtp'.
[2026-09-14 21:17:47.105] [warning] Couldn't find file 'sacrum.vtp'.
[2026-09-14 21:17:47.105] [warning] Couldn't find file 'femur_l.vtp'.
[2026-09-14 21:17:47.105] [warning] Couldn't find file 'femur_r.vtp'.
[2026-09-14 21:17:47.105] [warning] Couldn't find file 'tibia_l.vtp'.
[2026-09-14 21:17:47.105] [warning] Couldn't find file 'l_fibula.vtp'.
[2026-09-14 21:17:47.105] [warning] Couldn't find file 'tibia_r.vtp'.
[2026-09-14 21:17:47.105] [warning] Couldn't find file 'r_fibula.vtp'.
[2026-09-14 21:17:47.106] [warning] Couldn't find file 'l_talus.vtp'.
[2026-09-14 21:17:47.106] [warning] Couldn't find file 'r_talus.vtp'.
[2026-09-14 21:17:47.106] [warning] Couldn't find file 'l_foot.vtp'.
[2026-09-14 21:17:47.106] [warning] Couldn't find file 'r_foot.vtp'.
[2026-09-14 21:17:47.106] [warning] Couldn't find file 'l_bofoot.vtp'.
[2026-09-14 21:17:47.106] [warning] Couldn't find file 'r_bofoot.vtp'.
[2026-09-14 21:17:47.106] [warning] Couldn't find file 'hat_spine.vtp'.
[2026-09-14 21:17:47.106] [warning] Couldn't find file 'hat_jaw.vtp'.
[2026-09-14 21:17:47.106] [warning] Couldn't find file 'hat_skull.vtp'.
[2026-09-14 21:17:47.106] [warning] Couldn't find file 'hat_ribs_scap.vtp'.
[2026-09-14 21:17:47.126] [info] Loaded model 2D_gait from file C:\GBW_MyPrograms\PredSimSHARED3\Subjects\gait1018_esmac\gait1018_esmac.osim
[2026-09-14 21:17:47.127] [warning] Couldn't find file 'r_pelvis.vtp'.
[2026-09-14 21:17:47.127] [warning] Couldn't find file 'l_pelvis.vtp'.
[2026-09-14 21:17:47.127] [warning] Couldn't find file 'sacrum.vtp'.
[2026-09-14 21:17:47.127] [warning] Couldn't find file 'femur_l.vtp'.
[2026-09-14 21:17:47.127] [warning] Couldn't find file 'femur_r.vtp'.
[2026-09-14 21:17:47.127] [warning] Couldn't find file 'tibia_l.vtp'.
[2026-09-14 21:17:47.127] [warning] Couldn't find file 'l_fibula.vtp'.
[2026-09-14 21:17:47.127] [warning] Couldn't find file 'tibia_r.vtp'.
[2026-09-14 21:17:47.127] [warning] Couldn't find file 'r_fibula.vtp'.
[2026-09-14 21:17:47.127] [warning] Couldn't find file 'l_talus.vtp'.
[2026-09-14 21:17:47.127] [warning] Couldn't find file 'r_talus.vtp'.
[2026-09-14 21:17:47.128] [warning] Couldn't find file 'l_foot.vtp'.
[2026-09-14 21:17:47.128] [warning] Couldn't find file 'r_foot.vtp'.
[2026-09-14 21:17:47.128] [warning] Couldn't find file 'l_bofoot.vtp'.
[2026-09-14 21:17:47.128] [warning] Couldn't find file 'r_bofoot.vtp'.
[2026-09-14 21:17:47.128] [warning] Couldn't find file 'hat_spine.vtp'.
[2026-09-14 21:17:47.128] [warning] Couldn't find file 'hat_jaw.vtp'.
[2026-09-14 21:17:47.128] [warning] Couldn't find file 'hat_skull.vtp'.
[2026-09-14 21:17:47.128] [warning] Couldn't find file 'hat_ribs_scap.vtp'.
[2026-09-14 21:17:47.143] [info] Loaded model 2D_gait from file C:\GBW_MyPrograms\PredSimSHARED3\Subjects\gait1018_esmac\gait1018_esmac.osim
[2026-09-14 21:17:47.144] [warning] Couldn't find file 'r_pelvis.vtp'.
[2026-09-14 21:17:47.144] [warning] Couldn't find file 'l_pelvis.vtp'.
[2026-09-14 21:17:47.144] [warning] Couldn't find file 'sacrum.vtp'.
[2026-09-14 21:17:47.144] [warning] Couldn't find file 'femur_l.vtp'.
[2026-09-14 21:17:47.144] [warning] Couldn't find file 'femur_r.vtp'.
[2026-09-14 21:17:47.144] [warning] Couldn't find file 'tibia_l.vtp'.
[2026-09-14 21:17:47.144] [warning] Couldn't find file 'l_fibula.vtp'.
[2026-09-14 21:17:47.144] [warning] Couldn't find file 'tibia_r.vtp'.
[2026-09-14 21:17:47.144] [warning] Couldn't find file 'r_fibula.vtp'.
[2026-09-14 21:17:47.144] [warning] Couldn't find file 'l_talus.vtp'.
[2026-09-14 21:17:47.144] [warning] Couldn't find file 'r_talus.vtp'.
[2026-09-14 21:17:47.144] [warning] Couldn't find file 'l_foot.vtp'.
[2026-09-14 21:17:47.145] [warning] Couldn't find file 'r_foot.vtp'.
[2026-09-14 21:17:47.145] [warning] Couldn't find file 'l_bofoot.vtp'.
[2026-09-14 21:17:47.145] [warning] Couldn't find file 'r_bofoot.vtp'.
[2026-09-14 21:17:47.145] [warning] Couldn't find file 'hat_spine.vtp'.
[2026-09-14 21:17:47.145] [warning] Couldn't find file 'hat_jaw.vtp'.
[2026-09-14 21:17:47.145] [warning] Couldn't find file 'hat_skull.vtp'.
[2026-09-14 21:17:47.145] [warning] Couldn't find file 'hat_ribs_scap.vtp'.
[2026-09-14 21:17:47.164] [info] Loaded model 2D_gait from file C:\GBW_MyPrograms\PredSimSHARED3\Subjects\gait1018_esmac\gait1018_esmac.osim
[2026-09-14 21:17:47.164] [warning] Couldn't find file 'r_pelvis.vtp'.
[2026-09-14 21:17:47.164] [warning] Couldn't find file 'l_pelvis.vtp'.
[2026-09-14 21:17:47.164] [warning] Couldn't find file 'sacrum.vtp'.
[2026-09-14 21:17:47.164] [warning] Couldn't find file 'femur_l.vtp'.
[2026-09-14 21:17:47.164] [warning] Couldn't find file 'femur_r.vtp'.
[2026-09-14 21:17:47.164] [warning] Couldn't find file 'tibia_l.vtp'.
[2026-09-14 21:17:47.164] [warning] Couldn't find file 'l_fibula.vtp'.
[2026-09-14 21:17:47.164] [warning] Couldn't find file 'tibia_r.vtp'.
[2026-09-14 21:17:47.164] [warning] Couldn't find file 'r_fibula.vtp'.
[2026-09-14 21:17:47.164] [warning] Couldn't find file 'l_talus.vtp'.
[2026-09-14 21:17:47.164] [warning] Couldn't find file 'r_talus.vtp'.
[2026-09-14 21:17:47.165] [warning] Couldn't find file 'l_foot.vtp'.
[2026-09-14 21:17:47.165] [warning] Couldn't find file 'r_foot.vtp'.
[2026-09-14 21:17:47.165] [warning] Couldn't find file 'l_bofoot.vtp'.
[2026-09-14 21:17:47.165] [warning] Couldn't find file 'r_bofoot.vtp'.
[2026-09-14 21:17:47.165] [warning] Couldn't find file 'hat_spine.vtp'.
[2026-09-14 21:17:47.165] [warning] Couldn't find file 'hat_jaw.vtp'.
[2026-09-14 21:17:47.165] [warning] Couldn't find file 'hat_skull.vtp'.
[2026-09-14 21:17:47.165] [warning] Couldn't find file 'hat_ribs_scap.vtp'.
[2026-09-14 21:17:47.257] [info] Loaded model 2D_gait from file C:\GBW_MyPrograms\PredSimSHARED3\Subjects\gait1018_esmac\gait1018_esmac.osim
[2026-09-14 21:17:47.257] [warning] Couldn't find file 'r_pelvis.vtp'.
[2026-09-14 21:17:47.257] [warning] Couldn't find file 'l_pelvis.vtp'.
[2026-09-14 21:17:47.258] [warning] Couldn't find file 'sacrum.vtp'.
[2026-09-14 21:17:47.258] [warning] Couldn't find file 'femur_l.vtp'.
[2026-09-14 21:17:47.258] [warning] Couldn't find file 'femur_r.vtp'.
[2026-09-14 21:17:47.258] [warning] Couldn't find file 'tibia_l.vtp'.
[2026-09-14 21:17:47.258] [warning] Couldn't find file 'l_fibula.vtp'.
[2026-09-14 21:17:47.258] [warning] Couldn't find file 'tibia_r.vtp'.
[2026-09-14 21:17:47.258] [warning] Couldn't find file 'r_fibula.vtp'.
[2026-09-14 21:17:47.258] [warning] Couldn't find file 'l_talus.vtp'.
[2026-09-14 21:17:47.258] [warning] Couldn't find file 'r_talus.vtp'.
[2026-09-14 21:17:47.258] [warning] Couldn't find file 'l_foot.vtp'.
[2026-09-14 21:17:47.258] [warning] Couldn't find file 'r_foot.vtp'.
[2026-09-14 21:17:47.258] [warning] Couldn't find file 'l_bofoot.vtp'.
[2026-09-14 21:17:47.258] [warning] Couldn't find file 'r_bofoot.vtp'.
[2026-09-14 21:17:47.258] [warning] Couldn't find file 'hat_spine.vtp'.
[2026-09-14 21:17:47.258] [warning] Couldn't find file 'hat_jaw.vtp'.
[2026-09-14 21:17:47.259] [warning] Couldn't find file 'hat_skull.vtp'.
[2026-09-14 21:17:47.259] [warning] Couldn't find file 'hat_ribs_scap.vtp'.
[2026-09-14 21:17:47.296] [info] Loaded model 2D_gait from file C:\GBW_MyPrograms\PredSimSHARED3\Subjects\gait1018_esmac\gait1018_esmac.osim
[2026-09-14 21:17:47.296] [warning] Couldn't find file 'r_pelvis.vtp'.
[2026-09-14 21:17:47.296] [warning] Couldn't find file 'l_pelvis.vtp'.
[2026-09-14 21:17:47.296] [warning] Couldn't find file 'sacrum.vtp'.
[2026-09-14 21:17:47.297] [warning] Couldn't find file 'femur_l.vtp'.
[2026-09-14 21:17:47.297] [warning] Couldn't find file 'femur_r.vtp'.
[2026-09-14 21:17:47.297] [warning] Couldn't find file 'tibia_l.vtp'.
[2026-09-14 21:17:47.297] [warning] Couldn't find file 'l_fibula.vtp'.
[2026-09-14 21:17:47.297] [warning] Couldn't find file 'tibia_r.vtp'.
[2026-09-14 21:17:47.297] [warning] Couldn't find file 'r_fibula.vtp'.
[2026-09-14 21:17:47.297] [warning] Couldn't find file 'l_talus.vtp'.
[2026-09-14 21:17:47.297] [warning] Couldn't find file 'r_talus.vtp'.
[2026-09-14 21:17:47.297] [warning] Couldn't find file 'l_foot.vtp'.
[2026-09-14 21:17:47.297] [warning] Couldn't find file 'r_foot.vtp'.
[2026-09-14 21:17:47.297] [warning] Couldn't find file 'l_bofoot.vtp'.
[2026-09-14 21:17:47.297] [warning] Couldn't find file 'r_bofoot.vtp'.
[2026-09-14 21:17:47.297] [warning] Couldn't find file 'hat_spine.vtp'.
[2026-09-14 21:17:47.297] [warning] Couldn't find file 'hat_jaw.vtp'.
[2026-09-14 21:17:47.297] [warning] Couldn't find file 'hat_skull.vtp'.
[2026-09-14 21:17:47.297] [warning] Couldn't find file 'hat_ribs_scap.vtp'.
[2026-09-14 21:17:47.330] [info] Loaded model 2D_gait from file C:\GBW_MyPrograms\PredSimSHARED3\Subjects\gait1018_esmac\gait1018_esmac.osim
[2026-09-14 21:17:47.330] [warning] Couldn't find file 'r_pelvis.vtp'.
[2026-09-14 21:17:47.331] [warning] Couldn't find file 'l_pelvis.vtp'.
[2026-09-14 21:17:47.331] [warning] Couldn't find file 'sacrum.vtp'.
[2026-09-14 21:17:47.331] [warning] Couldn't find file 'femur_l.vtp'.
[2026-09-14 21:17:47.331] [warning] Couldn't find file 'femur_r.vtp'.
[2026-09-14 21:17:47.331] [warning] Couldn't find file 'tibia_l.vtp'.
[2026-09-14 21:17:47.331] [warning] Couldn't find file 'l_fibula.vtp'.
[2026-09-14 21:17:47.331] [warning] Couldn't find file 'tibia_r.vtp'.
[2026-09-14 21:17:47.331] [warning] Couldn't find file 'r_fibula.vtp'.
[2026-09-14 21:17:47.331] [warning] Couldn't find file 'l_talus.vtp'.
[2026-09-14 21:17:47.331] [warning] Couldn't find file 'r_talus.vtp'.
[2026-09-14 21:17:47.331] [warning] Couldn't find file 'l_foot.vtp'.
[2026-09-14 21:17:47.331] [warning] Couldn't find file 'r_foot.vtp'.
[2026-09-14 21:17:47.331] [warning] Couldn't find file 'l_bofoot.vtp'.
[2026-09-14 21:17:47.331] [warning] Couldn't find file 'r_bofoot.vtp'.
[2026-09-14 21:17:47.331] [warning] Couldn't find file 'hat_spine.vtp'.
[2026-09-14 21:17:47.331] [warning] Couldn't find file 'hat_jaw.vtp'.
[2026-09-14 21:17:47.332] [warning] Couldn't find file 'hat_skull.vtp'.
[2026-09-14 21:17:47.332] [warning] Couldn't find file 'hat_ribs_scap.vtp'.
[2026-09-14 21:17:47.352] [info] Loaded model 2D_gait from file C:\GBW_MyPrograms\PredSimSHARED3\Subjects\gait1018_esmac\gait1018_esmac.osim
[2026-09-14 21:17:47.353] [warning] Couldn't find file 'r_pelvis.vtp'.
[2026-09-14 21:17:47.353] [warning] Couldn't find file 'l_pelvis.vtp'.
[2026-09-14 21:17:47.353] [warning] Couldn't find file 'sacrum.vtp'.
[2026-09-14 21:17:47.353] [warning] Couldn't find file 'femur_l.vtp'.
[2026-09-14 21:17:47.353] [warning] Couldn't find file 'femur_r.vtp'.
[2026-09-14 21:17:47.353] [warning] Couldn't find file 'tibia_l.vtp'.
[2026-09-14 21:17:47.353] [warning] Couldn't find file 'l_fibula.vtp'.
[2026-09-14 21:17:47.353] [warning] Couldn't find file 'tibia_r.vtp'.
[2026-09-14 21:17:47.353] [warning] Couldn't find file 'r_fibula.vtp'.
[2026-09-14 21:17:47.353] [warning] Couldn't find file 'l_talus.vtp'.
[2026-09-14 21:17:47.353] [warning] Couldn't find file 'r_talus.vtp'.
[2026-09-14 21:17:47.353] [warning] Couldn't find file 'l_foot.vtp'.
[2026-09-14 21:17:47.354] [warning] Couldn't find file 'r_foot.vtp'.
[2026-09-14 21:17:47.354] [warning] Couldn't find file 'l_bofoot.vtp'.
[2026-09-14 21:17:47.354] [warning] Couldn't find file 'r_bofoot.vtp'.
[2026-09-14 21:17:47.354] [warning] Couldn't find file 'hat_spine.vtp'.
[2026-09-14 21:17:47.354] [warning] Couldn't find file 'hat_jaw.vtp'.
[2026-09-14 21:17:47.354] [warning] Couldn't find file 'hat_skull.vtp'.
[2026-09-14 21:17:47.354] [warning] Couldn't find file 'hat_ribs_scap.vtp'.
[2026-09-14 21:17:47.444] [info] Loaded model 2D_gait from file C:\GBW_MyPrograms\PredSimSHARED3\Subjects\gait1018_esmac\gait1018_esmac.osim
[2026-09-14 21:17:47.444] [warning] Couldn't find file 'r_pelvis.vtp'.
[2026-09-14 21:17:47.444] [warning] Couldn't find file 'l_pelvis.vtp'.
[2026-09-14 21:17:47.444] [warning] Couldn't find file 'sacrum.vtp'.
[2026-09-14 21:17:47.444] [warning] Couldn't find file 'femur_l.vtp'.
[2026-09-14 21:17:47.444] [warning] Couldn't find file 'femur_r.vtp'.
[2026-09-14 21:17:47.445] [warning] Couldn't find file 'tibia_l.vtp'.
[2026-09-14 21:17:47.445] [warning] Couldn't find file 'l_fibula.vtp'.
[2026-09-14 21:17:47.445] [warning] Couldn't find file 'tibia_r.vtp'.
[2026-09-14 21:17:47.445] [warning] Couldn't find file 'r_fibula.vtp'.
[2026-09-14 21:17:47.445] [warning] Couldn't find file 'l_talus.vtp'.
[2026-09-14 21:17:47.445] [warning] Couldn't find file 'r_talus.vtp'.
[2026-09-14 21:17:47.445] [warning] Couldn't find file 'l_foot.vtp'.
[2026-09-14 21:17:47.445] [warning] Couldn't find file 'r_foot.vtp'.
[2026-09-14 21:17:47.445] [warning] Couldn't find file 'l_bofoot.vtp'.
[2026-09-14 21:17:47.445] [warning] Couldn't find file 'r_bofoot.vtp'.
[2026-09-14 21:17:47.445] [warning] Couldn't find file 'hat_spine.vtp'.
[2026-09-14 21:17:47.445] [warning] Couldn't find file 'hat_jaw.vtp'.
[2026-09-14 21:17:47.445] [warning] Couldn't find file 'hat_skull.vtp'.
[2026-09-14 21:17:47.445] [warning] Couldn't find file 'hat_ribs_scap.vtp'.
[2026-09-14 21:17:47.468] [info] Loaded model 2D_gait from file C:\GBW_MyPrograms\PredSimSHARED3\Subjects\gait1018_esmac\gait1018_esmac.osim
[2026-09-14 21:17:47.468] [warning] Couldn't find file 'r_pelvis.vtp'.
[2026-09-14 21:17:47.468] [warning] Couldn't find file 'l_pelvis.vtp'.
[2026-09-14 21:17:47.468] [warning] Couldn't find file 'sacrum.vtp'.
[2026-09-14 21:17:47.468] [warning] Couldn't find file 'femur_l.vtp'.
[2026-09-14 21:17:47.468] [warning] Couldn't find file 'femur_r.vtp'.
[2026-09-14 21:17:47.468] [warning] Couldn't find file 'tibia_l.vtp'.
[2026-09-14 21:17:47.468] [warning] Couldn't find file 'l_fibula.vtp'.
[2026-09-14 21:17:47.468] [warning] Couldn't find file 'tibia_r.vtp'.
[2026-09-14 21:17:47.469] [warning] Couldn't find file 'r_fibula.vtp'.
[2026-09-14 21:17:47.469] [warning] Couldn't find file 'l_talus.vtp'.
[2026-09-14 21:17:47.469] [warning] Couldn't find file 'r_talus.vtp'.
[2026-09-14 21:17:47.469] [warning] Couldn't find file 'l_foot.vtp'.
[2026-09-14 21:17:47.469] [warning] Couldn't find file 'r_foot.vtp'.
[2026-09-14 21:17:47.469] [warning] Couldn't find file 'l_bofoot.vtp'.
[2026-09-14 21:17:47.469] [warning] Couldn't find file 'r_bofoot.vtp'.
[2026-09-14 21:17:47.469] [warning] Couldn't find file 'hat_spine.vtp'.
[2026-09-14 21:17:47.469] [warning] Couldn't find file 'hat_jaw.vtp'.
[2026-09-14 21:17:47.469] [warning] Couldn't find file 'hat_skull.vtp'.
[2026-09-14 21:17:47.469] [warning] Couldn't find file 'hat_ribs_scap.vtp'.
