[2026-08-26 14:41:29.241] [info] Loaded model 2D_gait from file C:\GBW_MyPrograms\PredSim\Subjects\gait1018\gait1018.osim
[2026-08-26 14:41:29.243] [warning] Couldn't find file 'r_pelvis.vtp'.
[2026-08-26 14:41:29.245] [warning] Couldn't find file 'l_pelvis.vtp'.
[2026-08-26 14:41:29.245] [warning] Couldn't find file 'sacrum.vtp'.
[2026-08-26 14:41:29.245] [warning] Couldn't find file 'femur_l.vtp'.
[2026-08-26 14:41:29.245] [warning] Couldn't find file 'femur_r.vtp'.
[2026-08-26 14:41:29.245] [warning] Couldn't find file 'tibia_l.vtp'.
[2026-08-26 14:41:29.246] [warning] Couldn't find file 'l_fibula.vtp'.
[2026-08-26 14:41:29.246] [warning] Couldn't find file 'tibia_r.vtp'.
[2026-08-26 14:41:29.246] [warning] Couldn't find file 'r_fibula.vtp'.
[2026-08-26 14:41:29.247] [warning] Couldn't find file 'l_talus.vtp'.
[2026-08-26 14:41:29.247] [warning] Couldn't find file 'r_talus.vtp'.
[2026-08-26 14:41:29.248] [warning] Couldn't find file 'l_foot.vtp'.
[2026-08-26 14:41:29.248] [warning] Couldn't find file 'r_foot.vtp'.
[2026-08-26 14:41:29.249] [warning] Couldn't find file 'l_bofoot.vtp'.
[2026-08-26 14:41:29.249] [warning] Couldn't find file 'r_bofoot.vtp'.
[2026-08-26 14:41:29.249] [warning] Couldn't find file 'hat_spine.vtp'.
[2026-08-26 14:41:29.250] [warning] Couldn't find file 'hat_jaw.vtp'.
[2026-08-26 14:41:29.250] [warning] Couldn't find file 'hat_skull.vtp'.
[2026-08-26 14:41:29.250] [warning] Couldn't find file 'hat_ribs_scap.vtp'.
[2026-08-26 14:41:29.553] [info] Loaded model 2D_gait from file C:\GBW_MyPrograms\PredSim\Subjects\gait1018\gait1018.osim
[2026-08-26 14:41:29.554] [warning] Couldn't find file 'r_pelvis.vtp'.
[2026-08-26 14:41:29.554] [warning] Couldn't find file 'l_pelvis.vtp'.
[2026-08-26 14:41:29.554] [warning] Couldn't find file 'sacrum.vtp'.
[2026-08-26 14:41:29.554] [warning] Couldn't find file 'femur_l.vtp'.
[2026-08-26 14:41:29.555] [warning] Couldn't find file 'femur_r.vtp'.
[2026-08-26 14:41:29.555] [warning] Couldn't find file 'tibia_l.vtp'.
[2026-08-26 14:41:29.555] [warning] Couldn't find file 'l_fibula.vtp'.
[2026-08-26 14:41:29.556] [warning] Couldn't find file 'tibia_r.vtp'.
[2026-08-26 14:41:29.556] [warning] Couldn't find file 'r_fibula.vtp'.
[2026-08-26 14:41:29.556] [warning] Couldn't find file 'l_talus.vtp'.
[2026-08-26 14:41:29.556] [warning] Couldn't find file 'r_talus.vtp'.
[2026-08-26 14:41:29.557] [warning] Couldn't find file 'l_foot.vtp'.
[2026-08-26 14:41:29.557] [warning] Couldn't find file 'r_foot.vtp'.
[2026-08-26 14:41:29.557] [warning] Couldn't find file 'l_bofoot.vtp'.
[2026-08-26 14:41:29.558] [warning] Couldn't find file 'r_bofoot.vtp'.
[2026-08-26 14:41:29.558] [warning] Couldn't find file 'hat_spine.vtp'.
[2026-08-26 14:41:29.558] [warning] Couldn't find file 'hat_jaw.vtp'.
[2026-08-26 14:41:29.558] [warning] Couldn't find file 'hat_skull.vtp'.
[2026-08-26 14:41:29.559] [warning] Couldn't find file 'hat_ribs_scap.vtp'.
[2026-08-26 14:41:29.645] [info] Loaded model 2D_gait from file C:\GBW_MyPrograms\PredSim\Subjects\gait1018\gait1018.osim
[2026-08-26 14:41:29.646] [warning] Couldn't find file 'r_pelvis.vtp'.
[2026-08-26 14:41:29.646] [warning] Couldn't find file 'l_pelvis.vtp'.
[2026-08-26 14:41:29.646] [warning] Couldn't find file 'sacrum.vtp'.
[2026-08-26 14:41:29.647] [warning] Couldn't find file 'femur_l.vtp'.
[2026-08-26 14:41:29.647] [warning] Couldn't find file 'femur_r.vtp'.
[2026-08-26 14:41:29.647] [warning] Couldn't find file 'tibia_l.vtp'.
[2026-08-26 14:41:29.648] [warning] Couldn't find file 'l_fibula.vtp'.
[2026-08-26 14:41:29.648] [warning] Couldn't find file 'tibia_r.vtp'.
[2026-08-26 14:41:29.648] [warning] Couldn't find file 'r_fibula.vtp'.
[2026-08-26 14:41:29.648] [warning] Couldn't find file 'l_talus.vtp'.
[2026-08-26 14:41:29.648] [warning] Couldn't find file 'r_talus.vtp'.
[2026-08-26 14:41:29.649] [warning] Couldn't find file 'l_foot.vtp'.
[2026-08-26 14:41:29.649] [warning] Couldn't find file 'r_foot.vtp'.
[2026-08-26 14:41:29.649] [warning] Couldn't find file 'l_bofoot.vtp'.
[2026-08-26 14:41:29.649] [warning] Couldn't find file 'r_bofoot.vtp'.
[2026-08-26 14:41:29.650] [warning] Couldn't find file 'hat_spine.vtp'.
[2026-08-26 14:41:29.650] [warning] Couldn't find file 'hat_jaw.vtp'.
[2026-08-26 14:41:29.650] [warning] Couldn't find file 'hat_skull.vtp'.
[2026-08-26 14:41:29.650] [warning] Couldn't find file 'hat_ribs_scap.vtp'.
[2026-08-26 14:41:29.879] [info] Loaded model 2D_gait from file C:\GBW_MyPrograms\PredSim\Subjects\gait1018\gait1018.osim
[2026-08-26 14:41:29.880] [warning] Couldn't find file 'r_pelvis.vtp'.
[2026-08-26 14:41:29.881] [warning] Couldn't find file 'l_pelvis.vtp'.
[2026-08-26 14:41:29.881] [warning] Couldn't find file 'sacrum.vtp'.
[2026-08-26 14:41:29.881] [warning] Couldn't find file 'femur_l.vtp'.
[2026-08-26 14:41:29.881] [warning] Couldn't find file 'femur_r.vtp'.
[2026-08-26 14:41:29.881] [warning] Couldn't find file 'tibia_l.vtp'.
[2026-08-26 14:41:29.882] [warning] Couldn't find file 'l_fibula.vtp'.
[2026-08-26 14:41:29.882] [warning] Couldn't find file 'tibia_r.vtp'.
[2026-08-26 14:41:29.882] [warning] Couldn't find file 'r_fibula.vtp'.
[2026-08-26 14:41:29.882] [warning] Couldn't find file 'l_talus.vtp'.
[2026-08-26 14:41:29.882] [warning] Couldn't find file 'r_talus.vtp'.
[2026-08-26 14:41:29.883] [warning] Couldn't find file 'l_foot.vtp'.
[2026-08-26 14:41:29.883] [warning] Couldn't find file 'r_foot.vtp'.
[2026-08-26 14:41:29.883] [warning] Couldn't find file 'l_bofoot.vtp'.
[2026-08-26 14:41:29.883] [warning] Couldn't find file 'r_bofoot.vtp'.
[2026-08-26 14:41:29.884] [warning] Couldn't find file 'hat_spine.vtp'.
[2026-08-26 14:41:29.884] [warning] Couldn't find file 'hat_jaw.vtp'.
[2026-08-26 14:41:29.884] [warning] Couldn't find file 'hat_skull.vtp'.
[2026-08-26 14:41:29.884] [warning] Couldn't find file 'hat_ribs_scap.vtp'.
[2026-08-26 14:41:30.032] [info] Loaded model 2D_gait from file C:\GBW_MyPrograms\PredSim\Subjects\gait1018\gait1018.osim
[2026-08-26 14:41:30.033] [warning] Couldn't find file 'r_pelvis.vtp'.
[2026-08-26 14:41:30.033] [warning] Couldn't find file 'l_pelvis.vtp'.
[2026-08-26 14:41:30.034] [warning] Couldn't find file 'sacrum.vtp'.
[2026-08-26 14:41:30.034] [warning] Couldn't find file 'femur_l.vtp'.
[2026-08-26 14:41:30.034] [warning] Couldn't find file 'femur_r.vtp'.
[2026-08-26 14:41:30.035] [warning] Couldn't find file 'tibia_l.vtp'.
[2026-08-26 14:41:30.035] [warning] Couldn't find file 'l_fibula.vtp'.
[2026-08-26 14:41:30.035] [warning] Couldn't find file 'tibia_r.vtp'.
[2026-08-26 14:41:30.035] [warning] Couldn't find file 'r_fibula.vtp'.
[2026-08-26 14:41:30.036] [warning] Couldn't find file 'l_talus.vtp'.
[2026-08-26 14:41:30.036] [warning] Couldn't find file 'r_talus.vtp'.
[2026-08-26 14:41:30.036] [warning] Couldn't find file 'l_foot.vtp'.
[2026-08-26 14:41:30.036] [warning] Couldn't find file 'r_foot.vtp'.
[2026-08-26 14:41:30.036] [warning] Couldn't find file 'l_bofoot.vtp'.
[2026-08-26 14:41:30.037] [warning] Couldn't find file 'r_bofoot.vtp'.
[2026-08-26 14:41:30.037] [warning] Couldn't find file 'hat_spine.vtp'.
[2026-08-26 14:41:30.037] [warning] Couldn't find file 'hat_jaw.vtp'.
[2026-08-26 14:41:30.037] [warning] Couldn't find file 'hat_skull.vtp'.
[2026-08-26 14:41:30.037] [warning] Couldn't find file 'hat_ribs_scap.vtp'.
[2026-08-26 14:41:32.440] [info] Loaded model 2D_gait from file C:\GBW_MyPrograms\PredSim\Subjects\gait1018\gait1018.osim
[2026-08-26 14:41:32.441] [warning] Couldn't find file 'r_pelvis.vtp'.
[2026-08-26 14:41:32.441] [warning] Couldn't find file 'l_pelvis.vtp'.
[2026-08-26 14:41:32.441] [warning] Couldn't find file 'sacrum.vtp'.
[2026-08-26 14:41:32.441] [warning] Couldn't find file 'femur_l.vtp'.
[2026-08-26 14:41:32.442] [warning] Couldn't find file 'femur_r.vtp'.
[2026-08-26 14:41:32.442] [warning] Couldn't find file 'tibia_l.vtp'.
[2026-08-26 14:41:32.442] [warning] Couldn't find file 'l_fibula.vtp'.
[2026-08-26 14:41:32.443] [warning] Couldn't find file 'tibia_r.vtp'.
[2026-08-26 14:41:32.443] [warning] Couldn't find file 'r_fibula.vtp'.
[2026-08-26 14:41:32.443] [warning] Couldn't find file 'l_talus.vtp'.
[2026-08-26 14:41:32.443] [warning] Couldn't find file 'r_talus.vtp'.
[2026-08-26 14:41:32.444] [warning] Couldn't find file 'l_foot.vtp'.
[2026-08-26 14:41:32.444] [warning] Couldn't find file 'r_foot.vtp'.
[2026-08-26 14:41:32.444] [warning] Couldn't find file 'l_bofoot.vtp'.
[2026-08-26 14:41:32.444] [warning] Couldn't find file 'r_bofoot.vtp'.
[2026-08-26 14:41:32.444] [warning] Couldn't find file 'hat_spine.vtp'.
[2026-08-26 14:41:32.445] [warning] Couldn't find file 'hat_jaw.vtp'.
[2026-08-26 14:41:32.445] [warning] Couldn't find file 'hat_skull.vtp'.
[2026-08-26 14:41:32.445] [warning] Couldn't find file 'hat_ribs_scap.vtp'.
[2026-08-26 14:41:32.641] [info] Loaded model 2D_gait from file C:\GBW_MyPrograms\PredSim\Subjects\gait1018\gait1018.osim
[2026-08-26 14:41:32.642] [warning] Couldn't find file 'r_pelvis.vtp'.
[2026-08-26 14:41:32.642] [warning] Couldn't find file 'l_pelvis.vtp'.
[2026-08-26 14:41:32.642] [warning] Couldn't find file 'sacrum.vtp'.
[2026-08-26 14:41:32.643] [warning] Couldn't find file 'femur_l.vtp'.
[2026-08-26 14:41:32.643] [warning] Couldn't find file 'femur_r.vtp'.
[2026-08-26 14:41:32.643] [warning] Couldn't find file 'tibia_l.vtp'.
[2026-08-26 14:41:32.643] [warning] Couldn't find file 'l_fibula.vtp'.
[2026-08-26 14:41:32.644] [warning] Couldn't find file 'tibia_r.vtp'.
[2026-08-26 14:41:32.644] [warning] Couldn't find file 'r_fibula.vtp'.
[2026-08-26 14:41:32.644] [warning] Couldn't find file 'l_talus.vtp'.
[2026-08-26 14:41:32.645] [warning] Couldn't find file 'r_talus.vtp'.
[2026-08-26 14:41:32.645] [warning] Couldn't find file 'l_foot.vtp'.
[2026-08-26 14:41:32.645] [warning] Couldn't find file 'r_foot.vtp'.
[2026-08-26 14:41:32.645] [warning] Couldn't find file 'l_bofoot.vtp'.
[2026-08-26 14:41:32.646] [warning] Couldn't find file 'r_bofoot.vtp'.
[2026-08-26 14:41:32.646] [warning] Couldn't find file 'hat_spine.vtp'.
[2026-08-26 14:41:32.646] [warning] Couldn't find file 'hat_jaw.vtp'.
[2026-08-26 14:41:32.646] [warning] Couldn't find file 'hat_skull.vtp'.
[2026-08-26 14:41:32.647] [warning] Couldn't find file 'hat_ribs_scap.vtp'.
[2026-08-26 14:41:44.172] [info] Loaded model 2D_gait from file C:\GBW_MyPrograms\PredSim\Subjects\gait1018\gait1018.osim
[2026-08-26 14:41:44.172] [warning] Couldn't find file 'r_pelvis.vtp'.
[2026-08-26 14:41:44.173] [warning] Couldn't find file 'l_pelvis.vtp'.
[2026-08-26 14:41:44.173] [warning] Couldn't find file 'sacrum.vtp'.
[2026-08-26 14:41:44.173] [warning] Couldn't find file 'femur_l.vtp'.
[2026-08-26 14:41:44.173] [warning] Couldn't find file 'femur_r.vtp'.
[2026-08-26 14:41:44.173] [warning] Couldn't find file 'tibia_l.vtp'.
[2026-08-26 14:41:44.174] [warning] Couldn't find file 'l_fibula.vtp'.
[2026-08-26 14:41:44.174] [warning] Couldn't find file 'tibia_r.vtp'.
[2026-08-26 14:41:44.174] [warning] Couldn't find file 'r_fibula.vtp'.
[2026-08-26 14:41:44.174] [warning] Couldn't find file 'l_talus.vtp'.
[2026-08-26 14:41:44.175] [warning] Couldn't find file 'r_talus.vtp'.
[2026-08-26 14:41:44.175] [warning] Couldn't find file 'l_foot.vtp'.
[2026-08-26 14:41:44.175] [warning] Couldn't find file 'r_foot.vtp'.
[2026-08-26 14:41:44.175] [warning] Couldn't find file 'l_bofoot.vtp'.
[2026-08-26 14:41:44.175] [warning] Couldn't find file 'r_bofoot.vtp'.
[2026-08-26 14:41:44.176] [warning] Couldn't find file 'hat_spine.vtp'.
[2026-08-26 14:41:44.176] [warning] Couldn't find file 'hat_jaw.vtp'.
[2026-08-26 14:41:44.176] [warning] Couldn't find file 'hat_skull.vtp'.
[2026-08-26 14:41:44.176] [warning] Couldn't find file 'hat_ribs_scap.vtp'.
[2026-08-26 14:41:45.233] [info] Loaded model 2D_gait from file C:\GBW_MyPrograms\PredSim\Subjects\gait1018\gait1018.osim
[2026-08-26 14:41:45.234] [warning] Couldn't find file 'r_pelvis.vtp'.
[2026-08-26 14:41:45.234] [warning] Couldn't find file 'l_pelvis.vtp'.
[2026-08-26 14:41:45.235] [warning] Couldn't find file 'sacrum.vtp'.
[2026-08-26 14:41:45.235] [warning] Couldn't find file 'femur_l.vtp'.
[2026-08-26 14:41:45.235] [warning] Couldn't find file 'femur_r.vtp'.
[2026-08-26 14:41:45.236] [warning] Couldn't find file 'tibia_l.vtp'.
[2026-08-26 14:41:45.236] [warning] Couldn't find file 'l_fibula.vtp'.
[2026-08-26 14:41:45.236] [warning] Couldn't find file 'tibia_r.vtp'.
[2026-08-26 14:41:45.236] [warning] Couldn't find file 'r_fibula.vtp'.
[2026-08-26 14:41:45.237] [warning] Couldn't find file 'l_talus.vtp'.
[2026-08-26 14:41:45.237] [warning] Couldn't find file 'r_talus.vtp'.
[2026-08-26 14:41:45.237] [warning] Couldn't find file 'l_foot.vtp'.
[2026-08-26 14:41:45.237] [warning] Couldn't find file 'r_foot.vtp'.
[2026-08-26 14:41:45.238] [warning] Couldn't find file 'l_bofoot.vtp'.
[2026-08-26 14:41:45.238] [warning] Couldn't find file 'r_bofoot.vtp'.
[2026-08-26 14:41:45.238] [warning] Couldn't find file 'hat_spine.vtp'.
[2026-08-26 14:41:45.238] [warning] Couldn't find file 'hat_jaw.vtp'.
[2026-08-26 14:41:45.238] [warning] Couldn't find file 'hat_skull.vtp'.
[2026-08-26 14:41:45.239] [warning] Couldn't find file 'hat_ribs_scap.vtp'.
[2026-08-26 14:41:47.655] [info] Loaded model 2D_gait from file C:\GBW_MyPrograms\PredSim\Subjects\gait1018\gait1018.osim
[2026-08-26 14:41:47.655] [warning] Couldn't find file 'r_pelvis.vtp'.
[2026-08-26 14:41:47.656] [warning] Couldn't find file 'l_pelvis.vtp'.
[2026-08-26 14:41:47.656] [warning] Couldn't find file 'sacrum.vtp'.
[2026-08-26 14:41:47.656] [warning] Couldn't find file 'femur_l.vtp'.
[2026-08-26 14:41:47.656] [warning] Couldn't find file 'femur_r.vtp'.
[2026-08-26 14:41:47.656] [warning] Couldn't find file 'tibia_l.vtp'.
[2026-08-26 14:41:47.657] [warning] Couldn't find file 'l_fibula.vtp'.
[2026-08-26 14:41:47.657] [warning] Couldn't find file 'tibia_r.vtp'.
[2026-08-26 14:41:47.657] [warning] Couldn't find file 'r_fibula.vtp'.
[2026-08-26 14:41:47.658] [warning] Couldn't find file 'l_talus.vtp'.
[2026-08-26 14:41:47.658] [warning] Couldn't find file 'r_talus.vtp'.
[2026-08-26 14:41:47.658] [warning] Couldn't find file 'l_foot.vtp'.
[2026-08-26 14:41:47.658] [warning] Couldn't find file 'r_foot.vtp'.
[2026-08-26 14:41:47.659] [warning] Couldn't find file 'l_bofoot.vtp'.
[2026-08-26 14:41:47.659] [warning] Couldn't find file 'r_bofoot.vtp'.
[2026-08-26 14:41:47.659] [warning] Couldn't find file 'hat_spine.vtp'.
[2026-08-26 14:41:47.660] [warning] Couldn't find file 'hat_jaw.vtp'.
[2026-08-26 14:41:47.660] [warning] Couldn't find file 'hat_skull.vtp'.
[2026-08-26 14:41:47.660] [warning] Couldn't find file 'hat_ribs_scap.vtp'.
[2026-08-26 14:41:48.412] [info] Loaded model 2D_gait from file C:\GBW_MyPrograms\PredSim\Subjects\gait1018\gait1018.osim
[2026-08-26 14:41:48.412] [warning] Couldn't find file 'r_pelvis.vtp'.
[2026-08-26 14:41:48.413] [warning] Couldn't find file 'l_pelvis.vtp'.
[2026-08-26 14:41:48.413] [warning] Couldn't find file 'sacrum.vtp'.
[2026-08-26 14:41:48.413] [warning] Couldn't find file 'femur_l.vtp'.
[2026-08-26 14:41:48.413] [warning] Couldn't find file 'femur_r.vtp'.
[2026-08-26 14:41:48.414] [warning] Couldn't find file 'tibia_l.vtp'.
[2026-08-26 14:41:48.414] [warning] Couldn't find file 'l_fibula.vtp'.
[2026-08-26 14:41:48.414] [warning] Couldn't find file 'tibia_r.vtp'.
[2026-08-26 14:41:48.414] [warning] Couldn't find file 'r_fibula.vtp'.
[2026-08-26 14:41:48.414] [warning] Couldn't find file 'l_talus.vtp'.
[2026-08-26 14:41:48.415] [warning] Couldn't find file 'r_talus.vtp'.
[2026-08-26 14:41:48.415] [warning] Couldn't find file 'l_foot.vtp'.
[2026-08-26 14:41:48.415] [warning] Couldn't find file 'r_foot.vtp'.
[2026-08-26 14:41:48.415] [warning] Couldn't find file 'l_bofoot.vtp'.
[2026-08-26 14:41:48.415] [warning] Couldn't find file 'r_bofoot.vtp'.
[2026-08-26 14:41:48.416] [warning] Couldn't find file 'hat_spine.vtp'.
[2026-08-26 14:41:48.416] [warning] Couldn't find file 'hat_jaw.vtp'.
[2026-08-26 14:41:48.416] [warning] Couldn't find file 'hat_skull.vtp'.
[2026-08-26 14:41:48.416] [warning] Couldn't find file 'hat_ribs_scap.vtp'.
